Archive member included to satisfy reference by file (symbol)

/usr/lib/gcc/arm-none-eabi/13.2.1/thumb/v6-m/nofp/libgcc.a(_dvmd_tls.o)
                              CMakeFiles/ultrasonidos.dir/usr/local/src/rpico/pico-sdk/src/rp2_common/pico_divider/divider_hardware.S.o (__aeabi_idiv0)
/usr/lib/gcc/arm-none-eabi/13.2.1/../../../arm-none-eabi/lib/thumb/v6-m/nofp/libg.a(libc_a-calloc.o)
                              CMakeFiles/ultrasonidos.dir/usr/local/src/rpico/pico-sdk/src/rp2_common/pico_malloc/malloc.c.o (calloc)
/usr/lib/gcc/arm-none-eabi/13.2.1/../../../arm-none-eabi/lib/thumb/v6-m/nofp/libg.a(libc_a-impure.o)
                              /usr/lib/gcc/arm-none-eabi/13.2.1/../../../arm-none-eabi/lib/thumb/v6-m/nofp/libg.a(libc_a-calloc.o) (_impure_ptr)
/usr/lib/gcc/arm-none-eabi/13.2.1/../../../arm-none-eabi/lib/thumb/v6-m/nofp/libg.a(libc_a-callocr.o)
                              /usr/lib/gcc/arm-none-eabi/13.2.1/../../../arm-none-eabi/lib/thumb/v6-m/nofp/libg.a(libc_a-calloc.o) (_calloc_r)
/usr/lib/gcc/arm-none-eabi/13.2.1/../../../arm-none-eabi/lib/thumb/v6-m/nofp/libg.a(libc_a-realloc.o)
                              CMakeFiles/ultrasonidos.dir/usr/local/src/rpico/pico-sdk/src/rp2_common/pico_malloc/malloc.c.o (realloc)
/usr/lib/gcc/arm-none-eabi/13.2.1/../../../arm-none-eabi/lib/thumb/v6-m/nofp/libg.a(libc_a-mallocr.o)
                              /usr/lib/gcc/arm-none-eabi/13.2.1/../../../arm-none-eabi/lib/thumb/v6-m/nofp/libg.a(libc_a-callocr.o) (_malloc_r)
/usr/lib/gcc/arm-none-eabi/13.2.1/../../../arm-none-eabi/lib/thumb/v6-m/nofp/libg.a(libc_a-freer.o)
                              /usr/lib/gcc/arm-none-eabi/13.2.1/../../../arm-none-eabi/lib/thumb/v6-m/nofp/libg.a(libc_a-mallocr.o) (_free_r)
/usr/lib/gcc/arm-none-eabi/13.2.1/../../../arm-none-eabi/lib/thumb/v6-m/nofp/libg.a(libc_a-memcmp.o)
                              CMakeFiles/ultrasonidos.dir/usr/local/src/rpico/pico-sdk/src/rp2_common/pico_atomic/atomic.c.o (memcmp)
/usr/lib/gcc/arm-none-eabi/13.2.1/../../../arm-none-eabi/lib/thumb/v6-m/nofp/libg.a(libc_a-malloc.o)
                              CMakeFiles/ultrasonidos.dir/usr/local/src/rpico/pico-sdk/src/rp2_common/pico_malloc/malloc.c.o (malloc)
/usr/lib/gcc/arm-none-eabi/13.2.1/../../../arm-none-eabi/lib/thumb/v6-m/nofp/libg.a(libc_a-sysconf.o)
                              /usr/lib/gcc/arm-none-eabi/13.2.1/../../../arm-none-eabi/lib/thumb/v6-m/nofp/libg.a(libc_a-mallocr.o) (sysconf)
/usr/lib/gcc/arm-none-eabi/13.2.1/../../../arm-none-eabi/lib/thumb/v6-m/nofp/libg.a(libc_a-init.o)
                              /usr/lib/gcc/arm-none-eabi/13.2.1/../../../arm-none-eabi/lib/thumb/v6-m/nofp/crt0.o (__libc_init_array)
/usr/lib/gcc/arm-none-eabi/13.2.1/../../../arm-none-eabi/lib/thumb/v6-m/nofp/libg.a(libc_a-reallocr.o)
                              /usr/lib/gcc/arm-none-eabi/13.2.1/../../../arm-none-eabi/lib/thumb/v6-m/nofp/libg.a(libc_a-realloc.o) (_realloc_r)
/usr/lib/gcc/arm-none-eabi/13.2.1/../../../arm-none-eabi/lib/thumb/v6-m/nofp/libg.a(libc_a-mktime.o)
                              CMakeFiles/ultrasonidos.dir/usr/local/src/rpico/pico-sdk/src/common/pico_util/datetime.c.o (mktime)
/usr/lib/gcc/arm-none-eabi/13.2.1/../../../arm-none-eabi/lib/thumb/v6-m/nofp/libg.a(libc_a-mlock.o)
                              /usr/lib/gcc/arm-none-eabi/13.2.1/../../../arm-none-eabi/lib/thumb/v6-m/nofp/libg.a(libc_a-mallocr.o) (__malloc_lock)
/usr/lib/gcc/arm-none-eabi/13.2.1/../../../arm-none-eabi/lib/thumb/v6-m/nofp/libg.a(libc_a-findfp.o)
                              /usr/lib/gcc/arm-none-eabi/13.2.1/../../../arm-none-eabi/lib/thumb/v6-m/nofp/libg.a(libc_a-impure.o) (__sf)
/usr/lib/gcc/arm-none-eabi/13.2.1/../../../arm-none-eabi/lib/thumb/v6-m/nofp/libg.a(libc_a-tzlock.o)
                              /usr/lib/gcc/arm-none-eabi/13.2.1/../../../arm-none-eabi/lib/thumb/v6-m/nofp/libg.a(libc_a-mktime.o) (__tz_lock)
/usr/lib/gcc/arm-none-eabi/13.2.1/../../../arm-none-eabi/lib/thumb/v6-m/nofp/libg.a(libc_a-atexit.o)
                              /usr/lib/gcc/arm-none-eabi/13.2.1/../../../arm-none-eabi/lib/thumb/v6-m/nofp/crt0.o (atexit)
/usr/lib/gcc/arm-none-eabi/13.2.1/../../../arm-none-eabi/lib/thumb/v6-m/nofp/libg.a(libc_a-lcltime_r.o)
                              CMakeFiles/ultrasonidos.dir/usr/local/src/rpico/pico-sdk/src/common/pico_util/datetime.c.o (localtime_r)
/usr/lib/gcc/arm-none-eabi/13.2.1/../../../arm-none-eabi/lib/thumb/v6-m/nofp/libg.a(libc_a-strlen-stub.o)
                              CMakeFiles/ultrasonidos.dir/usr/local/src/rpico/pico-sdk/src/rp2_common/pico_stdio/stdio.c.o (strlen)
/usr/lib/gcc/arm-none-eabi/13.2.1/../../../arm-none-eabi/lib/thumb/v6-m/nofp/libg.a(libc_a-sbrkr.o)
                              /usr/lib/gcc/arm-none-eabi/13.2.1/../../../arm-none-eabi/lib/thumb/v6-m/nofp/libg.a(libc_a-mallocr.o) (_sbrk_r)
/usr/lib/gcc/arm-none-eabi/13.2.1/../../../arm-none-eabi/lib/thumb/v6-m/nofp/libg.a(libc_a-fini.o)
[...]
Memory Configuration

Name             Origin             Length             Attributes
FLASH            0x10000000         0x00200000         xr
RAM              0x20000000         0x00040000         xrw
SCRATCH_X        0x20040000         0x00001000         xrw
SCRATCH_Y        0x20041000         0x00001000         xrw
*default*        0x00000000         0xffffffff

Linker script and memory map

LOAD /usr/lib/gcc/arm-none-eabi/13.2.1/thumb/v6-m/nofp/crti.o
LOAD /usr/lib/gcc/arm-none-eabi/13.2.1/thumb/v6-m/nofp/crtbegin.o
LOAD /usr/lib/gcc/arm-none-eabi/13.2.1/../../../arm-none-eabi/lib/thumb/v6-m/nofp/crt0.o

.flash_begin    0x10000000        0x0
                0x10000000                        __flash_binary_start = .

.boot2          0x10000000      0x100
                0x10000000                        __boot2_start__ = .
 *(.boot2)
 .boot2         0x10000000      0x100 pico-sdk/src/rp2040/boot_stage2/CMakeFiles/bs2_default_library.dir/bs2_default_padded_checksummed.S.o
                0x10000100                        __boot2_end__ = .
                0x00000001                        ASSERT (((__boot2_end__ - __boot2_start__) == 0x100), ERROR: Pico second stage bootloader must be 256 bytes in size)

.text           0x10000100     0x4888
                0x10000100                        __logical_binary_start = .
 *(.vectors)
 .vectors       0x10000100       0xd4 CMakeFiles/ultrasonidos.dir/usr/local/src/rpico/pico-sdk/src/rp2_common/pico_crt0/crt0.S.o
                0x10000100                __vectors
                0x10000100                __VECTOR_TABLE
                0x100001c0                isr_irq30
                0x100001c0                __unhandled_user_irq
                0x100001c0                isr_irq13
                0x100001c0                isr_irq27
                0x100001c0                isr_irq31
                0x100001c0                isr_irq5
                0x100001c0                isr_irq11
                0x100001c0                isr_irq23
                0x100001c0                isr_irq18
                0x100001c0                isr_irq28
                0x100001c0                isr_irq19
                0x100001c0                isr_irq0
                0x100001c0                isr_irq6
                0x100001c0                isr_irq22
                0x100001c0                isr_irq17
                0x100001c0                isr_irq14
                0x100001c0                __vectors_end
                0x100001c0                __default_isrs_start
                0x100001c0                isr_irq2
                0x100001c0                isr_irq10
                0x100001c0                isr_irq8
                0x100001c0                isr_irq24
                0x100001c0                isr_irq1
                0x100001c0                isr_irq7
                0x100001c0                isr_irq21
                0x100001c0                isr_irq20
                0x100001c0                isr_irq15
                0x100001c0                isr_irq25
                0x100001c0                isr_irq4
                0x100001c0                isr_irq16
                0x100001c0                isr_irq29
                0x100001c0                isr_irq26
                0x100001c0                isr_irq3
                0x100001c0                isr_irq12
                0x100001c0                isr_irq9
                0x100001c6                unhandled_user_irq_num_in_r0
                0x100001c8                isr_invalid
                0x100001ca                isr_nmi
                0x100001cc                isr_hardfault
                0x100001ce                isr_svcall
                0x100001d0                isr_pendsv
                0x100001d2                isr_systick
                0x100001d4                __default_isrs_end
 *(.binary_info_header)
 .binary_info_header
                0x100001d4       0x14 CMakeFiles/ultrasonidos.dir/usr/local/src/rpico/pico-sdk/src/rp2_common/pico_crt0/crt0.S.o
                0x100001e8                        __binary_info_header_end = .
 *(.embedded_block)
                0x100001e8                        __embedded_block_end = .
 *(.reset)
 .reset         0x100001e8       0x9c CMakeFiles/ultrasonidos.dir/usr/local/src/rpico/pico-sdk/src/rp2_common/pico_crt0/crt0.S.o
                0x100001e8                _entry_point
 *(.init)
 .init          0x10000284        0x4 /usr/lib/gcc/arm-none-eabi/13.2.1/thumb/v6-m/nofp/crti.o
                0x10000284                _init
 *(EXCLUDE_FILE(*libm.a: *libc.a:*lib_a-mem*.o *libgcc.a:) .text*)
 .text          0x10000288       0x98 /usr/lib/gcc/arm-none-eabi/13.2.1/thumb/v6-m/nofp/crtbegin.o
 .text.startup.main
                0x10000320       0xf4 CMakeFiles/ultrasonidos.dir/proximidad.c.o
                0x10000320                main
 .text.gpio_init
                0x10000414       0x40 CMakeFiles/ultrasonidos.dir/usr/local/src/rpico/pico-sdk/src/rp2_common/hardware_gpio/gpio.c.o
                0x10000414                gpio_init
 .text.rp2040_chip_version
                0x10000454        0xc CMakeFiles/ultrasonidos.dir/usr/local/src/rpico/pico-sdk/src/rp2040/pico_platform/platform.c.o
                0x10000454                rp2040_chip_version
 .text.panic    0x10000460       0x30 CMakeFiles/ultrasonidos.dir/usr/local/src/rpico/pico-sdk/src/rp2_common/pico_platform_panic/panic.c.o
                0x10000460                panic
 .text.hw_claim_or_assert
                0x10000490       0x44 CMakeFiles/ultrasonidos.dir/usr/local/src/rpico/pico-sdk/src/common/hardware_claim/claim.c.o
                0x10000490                hw_claim_or_assert
 .text.hw_claim_unused_from_range
                0x100004d4       0x9c CMakeFiles/ultrasonidos.dir/usr/local/src/rpico/pico-sdk/src/common/hardware_claim/claim.c.o
                0x100004d4                hw_claim_unused_from_range
 .text.next_striped_spin_lock_num
                0x10000570       0x18 CMakeFiles/ultrasonidos.dir/usr/local/src/rpico/pico-sdk/src/rp2_common/hardware_sync/sync.c.o
                0x10000570                next_striped_spin_lock_num
 .text.spin_lock_claim_unused
                0x10000588       0x24 CMakeFiles/ultrasonidos.dir/usr/local/src/rpico/pico-sdk/src/rp2_common/hardware_sync/sync.c.o
                0x10000588                spin_lock_claim_unused
 .text.spin_locks_reset
                0x100005ac       0x1c CMakeFiles/ultrasonidos.dir/usr/local/src/rpico/pico-sdk/src/rp2_common/hardware_sync_spin_lock/sync_spin_lock.c.o
                0x100005ac                spin_locks_reset
 .text.runtime_init_per_core_irq_priorities
                0x100005c8       0x24 CMakeFiles/ultrasonidos.dir/usr/local/src/rpico/pico-sdk/src/rp2_common/hardware_irq/irq.c.o
                0x100005c8                runtime_init_per_core_irq_priorities
 .text.irq_set_enabled
                0x100005ec       0x24 CMakeFiles/ultrasonidos.dir/usr/local/src/rpico/pico-sdk/src/rp2_common/hardware_irq/irq.c.o
                0x100005ec                irq_set_enabled
 .text.irq_is_enabled
                0x10000610       0x18 CMakeFiles/ultrasonidos.dir/usr/local/src/rpico/pico-sdk/src/rp2_common/hardware_irq/irq.c.o
                0x10000610                irq_is_enabled
 .text.irq_set_pending
                0x10000628       0x10 CMakeFiles/ultrasonidos.dir/usr/local/src/rpico/pico-sdk/src/rp2_common/hardware_irq/irq.c.o
                0x10000628                irq_set_pending
 .text.irq_has_shared_handler
                0x10000638       0x24 CMakeFiles/ultrasonidos.dir/usr/local/src/rpico/pico-sdk/src/rp2_common/hardware_irq/irq.c.o
                0x10000638                irq_has_shared_handler
 .text.irq_set_exclusive_handler
                0x1000065c       0x54 CMakeFiles/ultrasonidos.dir/usr/local/src/rpico/pico-sdk/src/rp2_common/hardware_irq/irq.c.o
                0x1000065c                irq_set_exclusive_handler
 .text.irq_add_shared_handler
                0x100006b0      0x1f4 CMakeFiles/ultrasonidos.dir/usr/local/src/rpico/pico-sdk/src/rp2_common/hardware_irq/irq.c.o
                0x100006b0                irq_add_shared_handler
 .text.irq_add_tail_to_free_list
                0x100008a4       0xb4 CMakeFiles/ultrasonidos.dir/usr/local/src/rpico/pico-sdk/src/rp2_common/hardware_irq/irq.c.o
                0x100008a4                irq_add_tail_to_free_list
 .text.user_irq_claim_unused
                0x10000958       0x2c CMakeFiles/ultrasonidos.dir/usr/local/src/rpico/pico-sdk/src/rp2_common/hardware_irq/irq.c.o
                0x10000958                user_irq_claim_unused
 .text.lock_init
                0x10000984       0x10 CMakeFiles/ultrasonidos.dir/usr/local/src/rpico/pico-sdk/src/common/pico_sync/lock_core.c.o
                0x10000984                lock_init
 .text.runtime_init_mutex
                0x10000994       0x50 CMakeFiles/ultrasonidos.dir/usr/local/src/rpico/pico-sdk/src/common/pico_sync/mutex.c.o
                0x10000994                runtime_init_mutex
 .text.mutex_init
                0x100009e4       0x1c CMakeFiles/ultrasonidos.dir/usr/local/src/rpico/pico-sdk/src/common/pico_sync/mutex.c.o
                0x100009e4                mutex_init
 .text.critical_section_init
                0x10000a00       0x1c CMakeFiles/ultrasonidos.dir/usr/local/src/rpico/pico-sdk/src/common/pico_sync/critical_section.c.o
                0x10000a00                critical_section_init
 .text.critical_section_init_with_lock_num
                0x10000a1c       0x14 CMakeFiles/ultrasonidos.dir/usr/local/src/rpico/pico-sdk/src/common/pico_sync/critical_section.c.o
                0x10000a1c                critical_section_init_with_lock_num
 .text.sleep_until_callback
                0x10000a30       0x30 CMakeFiles/ultrasonidos.dir/usr/local/src/rpico/pico-sdk/src/common/pico_time/time.c.o
 .text.alarm_pool_irq_handler
                0x10000a60      0x2fc CMakeFiles/ultrasonidos.dir/usr/local/src/rpico/pico-sdk/src/common/pico_time/time.c.o
 .text.runtime_init_default_alarm_pool
                0x10000d5c       0xdc CMakeFiles/ultrasonidos.dir/usr/local/src/rpico/pico-sdk/src/common/pico_time/time.c.o
                0x10000d5c                runtime_init_default_alarm_pool
 .text.alarm_pool_get_default
                0x10000e38        0x8 CMakeFiles/ultrasonidos.dir/usr/local/src/rpico/pico-sdk/src/common/pico_time/time.c.o
                0x10000e38                alarm_pool_get_default
 .text.alarm_pool_add_alarm_at
                0x10000e40       0xd4 CMakeFiles/ultrasonidos.dir/usr/local/src/rpico/pico-sdk/src/common/pico_time/time.c.o
                0x10000e40                alarm_pool_add_alarm_at
 .text.alarm_pool_add_alarm_at_force_in_context
                0x10000f14       0xb0 CMakeFiles/ultrasonidos.dir/usr/local/src/rpico/pico-sdk/src/common/pico_time/time.c.o
                0x10000f14                alarm_pool_add_alarm_at_force_in_context
 .text.alarm_pool_cancel_alarm
                0x10000fc4       0x74 CMakeFiles/ultrasonidos.dir/usr/local/src/rpico/pico-sdk/src/common/pico_time/time.c.o
                0x10000fc4                alarm_pool_cancel_alarm
 .text.alarm_pool_core_num
                0x10001038        0x4 CMakeFiles/ultrasonidos.dir/usr/local/src/rpico/pico-sdk/src/common/pico_time/time.c.o
                0x10001038                alarm_pool_core_num
 .text.sleep_until
                0x1000103c       0xd8 CMakeFiles/ultrasonidos.dir/usr/local/src/rpico/pico-sdk/src/common/pico_time/time.c.o
                0x1000103c                sleep_until
 .text.sleep_us
                0x10001114       0x28 CMakeFiles/ultrasonidos.dir/usr/local/src/rpico/pico-sdk/src/common/pico_time/time.c.o
                0x10001114                sleep_us
 .text.sleep_ms
                0x1000113c       0x38 CMakeFiles/ultrasonidos.dir/usr/local/src/rpico/pico-sdk/src/common/pico_time/time.c.o
                0x1000113c                sleep_ms
 .text.best_effort_wfe_or_timeout
                0x10001174       0xf8 CMakeFiles/ultrasonidos.dir/usr/local/src/rpico/pico-sdk/src/common/pico_time/time.c.o
                0x10001174                best_effort_wfe_or_timeout
 .text.timer_hardware_alarm_claim
                0x1000126c       0x14 CMakeFiles/ultrasonidos.dir/usr/local/src/rpico/pico-sdk/src/rp2_common/hardware_timer/timer.c.o
                0x1000126c                timer_hardware_alarm_claim
 .text.timer_time_us_64
                0x10001280       0x10 CMakeFiles/ultrasonidos.dir/usr/local/src/rpico/pico-sdk/src/rp2_common/hardware_timer/timer.c.o
                0x10001280                timer_time_us_64
 .text.time_us_64
                0x10001290       0x14 CMakeFiles/ultrasonidos.dir/usr/local/src/rpico/pico-sdk/src/rp2_common/hardware_timer/timer.c.o
                0x10001290                time_us_64
 .text.busy_wait_until
                0x100012a4       0x20 CMakeFiles/ultrasonidos.dir/usr/local/src/rpico/pico-sdk/src/rp2_common/hardware_timer/timer.c.o
                0x100012a4                busy_wait_until
 .text.clock_configure_int_divider
                0x100012c4       0xf4 CMakeFiles/ultrasonidos.dir/usr/local/src/rpico/pico-sdk/src/rp2_common/hardware_clocks/clocks.c.o
                0x100012c4                clock_configure_int_divider
 .text.clock_configure_undivided
                0x100013b8       0xe8 CMakeFiles/ultrasonidos.dir/usr/local/src/rpico/pico-sdk/src/rp2_common/hardware_clocks/clocks.c.o
                0x100013b8                clock_configure_undivided
 .text.clock_get_hz
                0x100014a0        0xc CMakeFiles/ultrasonidos.dir/usr/local/src/rpico/pico-sdk/src/rp2_common/hardware_clocks/clocks.c.o
                0x100014a0                clock_get_hz
 .text.pll_init
                0x100014ac       0xa4 CMakeFiles/ultrasonidos.dir/usr/local/src/rpico/pico-sdk/src/rp2_common/hardware_pll/pll.c.o
                0x100014ac                pll_init
 .text.watchdog_reboot
                0x10001550       0x9c CMakeFiles/ultrasonidos.dir/usr/local/src/rpico/pico-sdk/src/rp2_common/hardware_watchdog/watchdog.c.o
                0x10001550                watchdog_reboot
 .text.tick_start
                0x100015ec       0x10 CMakeFiles/ultrasonidos.dir/usr/local/src/rpico/pico-sdk/src/rp2_common/hardware_ticks/ticks.c.o
                0x100015ec                tick_start
 .text.rom_func_lookup
                0x100015fc       0x10 CMakeFiles/ultrasonidos.dir/usr/local/src/rpico/pico-sdk/src/rp2_common/pico_bootrom/bootrom.c.o
                0x100015fc                rom_func_lookup
 .text.rom_data_lookup
                0x1000160c       0x10 CMakeFiles/ultrasonidos.dir/usr/local/src/rpico/pico-sdk/src/rp2_common/pico_bootrom/bootrom.c.o
                0x1000160c                rom_data_lookup
 .text.rom_funcs_lookup
                0x1000161c       0x44 CMakeFiles/ultrasonidos.dir/usr/local/src/rpico/pico-sdk/src/rp2_common/pico_bootrom/bootrom.c.o
                0x1000161c                rom_funcs_lookup
 .text.rom_reset_usb_boot_extra
                0x10001660       0x28 CMakeFiles/ultrasonidos.dir/usr/local/src/rpico/pico-sdk/src/rp2_common/pico_bootrom/bootrom.c.o
                0x10001660                rom_reset_usb_boot_extra
 .text.xosc_init
                0x10001688       0x28 CMakeFiles/ultrasonidos.dir/usr/local/src/rpico/pico-sdk/src/rp2_common/hardware_xosc/xosc.c.o
                0x10001688                xosc_init
 .text.first_per_core_initializer
                0x100016b0        0x4 CMakeFiles/ultrasonidos.dir/usr/local/src/rpico/pico-sdk/src/rp2_common/pico_runtime/runtime.c.o
 .text.hard_assertion_failure
                0x100016b4        0xc CMakeFiles/ultrasonidos.dir/usr/local/src/rpico/pico-sdk/src/rp2_common/pico_runtime/runtime.c.o
                0x100016b4                hard_assertion_failure
 .text.runtime_run_initializers
                0x100016c0       0x28 CMakeFiles/ultrasonidos.dir/usr/local/src/rpico/pico-sdk/src/rp2_common/pico_runtime/runtime.c.o
                0x100016c0                runtime_run_initializers
 .text.runtime_init_early_resets
                0x100016e8       0x2c CMakeFiles/ultrasonidos.dir/usr/local/src/rpico/pico-sdk/src/rp2_common/pico_runtime_init/runtime_init.c.o
                0x100016e8                runtime_init_early_resets
 .text.runtime_init_usb_power_down
                0x10001714       0x1c CMakeFiles/ultrasonidos.dir/usr/local/src/rpico/pico-sdk/src/rp2_common/pico_runtime_init/runtime_init.c.o
                0x10001714                runtime_init_usb_power_down
 .text.runtime_init_post_clock_resets
                0x10001730       0x20 CMakeFiles/ultrasonidos.dir/usr/local/src/rpico/pico-sdk/src/rp2_common/pico_runtime_init/runtime_init.c.o
                0x10001730                runtime_init_post_clock_resets
 .text.runtime_init_rp2040_gpio_ie_disable
                0x10001750       0x14 CMakeFiles/ultrasonidos.dir/usr/local/src/rpico/pico-sdk/src/rp2_common/pico_runtime_init/runtime_init.c.o
                0x10001750                runtime_init_rp2040_gpio_ie_disable
 .text.runtime_init_spin_locks_reset
                0x10001764        0x8 CMakeFiles/ultrasonidos.dir/usr/local/src/rpico/pico-sdk/src/rp2_common/pico_runtime_init/runtime_init.c.o
                0x10001764                runtime_init_spin_locks_reset
 .text.runtime_init_install_ram_vector_table
                0x1000176c       0xb4 CMakeFiles/ultrasonidos.dir/usr/local/src/rpico/pico-sdk/src/rp2_common/pico_runtime_init/runtime_init.c.o
                0x1000176c                runtime_init_install_ram_vector_table
 .text.runtime_init_clocks
                0x10001820       0xd8 CMakeFiles/ultrasonidos.dir/usr/local/src/rpico/pico-sdk/src/rp2_common/pico_runtime_init/runtime_init_clocks.c.o
                0x10001820                runtime_init_clocks
 .text          0x100018f8       0x10 CMakeFiles/ultrasonidos.dir/usr/local/src/rpico/pico-sdk/src/rp2_common/pico_bit_ops/bit_ops_aeabi.S.o
 .text.__wrap___aeabi_uidiv
                0x10001908       0x4c CMakeFiles/ultrasonidos.dir/usr/local/src/rpico/pico-sdk/src/rp2_common/pico_divider/divider_hardware.S.o
                0x10001908                __wrap___aeabi_uidiv
                0x10001908                __wrap___aeabi_uidivmod
                0x10001908                div_u32u32
                0x10001908                divmod_u32u32
                0x10001910                divmod_u32u32_unsafe
                0x10001938                divmod_u32u32_savestate
 .text.__aeabi_double_init
                0x10001954       0xa4 CMakeFiles/ultrasonidos.dir/usr/local/src/rpico/pico-sdk/src/rp2_common/pico_double/double_init_rom_rp2040.c.o
                0x10001954                __aeabi_double_init
 .text.double_table_shim_on_use_helper
                0x100019f8       0x2c CMakeFiles/ultrasonidos.dir/usr/local/src/rpico/pico-sdk/src/rp2_common/pico_double/double_v1_rom_shim_rp2040.S.o
                0x100019f8                double_table_shim_on_use_helper
 .text.__aeabi_lmul
                0x10001a24       0x32 CMakeFiles/ultrasonidos.dir/usr/local/src/rpico/pico-sdk/src/rp2_common/pico_int64_ops/pico_int64_ops_aeabi.S.o
                0x10001a24                __wrap___aeabi_lmul
 *fill*         0x10001a56        0x2 
 .text.__wrap___aeabi_farithmetic
                0x10001a58       0x48 CMakeFiles/ultrasonidos.dir/usr/local/src/rpico/pico-sdk/src/rp2_common/pico_float/float_aeabi_rp2040.S.o
                0x10001a58                __wrap___aeabi_frsub
                0x10001a5e                __wrap___aeabi_fsub
                0x10001a64                __wrap___aeabi_fadd
                0x10001a6a                __wrap___aeabi_fdiv
                0x10001a92                __wrap___aeabi_fmul
 .text.__wrap___aeabi_cfcmple
                0x10001aa0       0x50 CMakeFiles/ultrasonidos.dir/usr/local/src/rpico/pico-sdk/src/rp2_common/pico_float/float_aeabi_rp2040.S.o
                0x10001aa0                __wrap___aeabi_cfrcmple
                0x10001aac                __wrap___aeabi_cfcmpeq
                0x10001aac                __wrap___aeabi_cfcmple
 .text.__wrap___aeabi_fcmplt
                0x10001af0        0xc CMakeFiles/ultrasonidos.dir/usr/local/src/rpico/pico-sdk/src/rp2_common/pico_float/float_aeabi_rp2040.S.o
                0x10001af0                __wrap___aeabi_fcmplt
 .text.__wrap___aeabi_i2f
                0x10001afc       0x44 CMakeFiles/ultrasonidos.dir/usr/local/src/rpico/pico-sdk/src/rp2_common/pico_float/float_aeabi_rp2040.S.o
                0x10001afc                int2float
                0x10001afc                __wrap___aeabi_i2f
 .text.__wrap___aeabi_l2f
                0x10001b40       0x20 CMakeFiles/ultrasonidos.dir/usr/local/src/rpico/pico-sdk/src/rp2_common/pico_float/float_aeabi_rp2040.S.o
                0x10001b44                int642float
                0x10001b44                __wrap___aeabi_l2f
 .text.__aeabi_float_init
                0x10001b60       0x64 CMakeFiles/ultrasonidos.dir/usr/local/src/rpico/pico-sdk/src/rp2_common/pico_float/float_init_rom_rp2040.c.o
                0x10001b60                __aeabi_float_init
 .text.float_table_shim_on_use_helper
                0x10001bc4       0x2c CMakeFiles/ultrasonidos.dir/usr/local/src/rpico/pico-sdk/src/rp2_common/pico_float/float_v1_rom_shim_rp2040.S.o
                0x10001bc4                float_table_shim_on_use_helper
 .text.642float_shims
                0x10001bf0       0x44 CMakeFiles/ultrasonidos.dir/usr/local/src/rpico/pico-sdk/src/rp2_common/pico_float/float_v1_rom_shim_rp2040.S.o
                0x10001bf0                uint642float_shim
                0x10001bf2                ufix642float_shim
                0x10001c02                int642float_shim
                0x10001c04                fix642float_shim
 .text          0x10001c34       0x10 CMakeFiles/ultrasonidos.dir/usr/local/src/rpico/pico-sdk/src/rp2_common/pico_mem_ops/mem_ops_aeabi.S.o
                0x10001c34                __aeabi_mem_init
 .text.memset   0x10001c44        0xc CMakeFiles/ultrasonidos.dir/usr/local/src/rpico/pico-sdk/src/rp2_common/pico_mem_ops/mem_ops_aeabi.S.o
                0x10001c44                __wrap_memset
 .text.memcpy   0x10001c50        0xc CMakeFiles/ultrasonidos.dir/usr/local/src/rpico/pico-sdk/src/rp2_common/pico_mem_ops/mem_ops_aeabi.S.o
                0x10001c50                __wrap___aeabi_memcpy
                0x10001c50                __wrap_memcpy
 .text._out_char
                0x10001c5c       0x10 CMakeFiles/ultrasonidos.dir/usr/local/src/rpico/pico-sdk/src/rp2_common/pico_printf/printf.c.o
 .text.weak_raw_vprintf
                0x10001c6c       0x30 CMakeFiles/ultrasonidos.dir/usr/local/src/rpico/pico-sdk/src/rp2_common/pico_printf/printf.c.o
                0x10001c6c                weak_raw_vprintf
 .text._exit    0x10001c9c        0x4 CMakeFiles/ultrasonidos.dir/usr/local/src/rpico/pico-sdk/src/rp2_common/pico_clib_interface/newlib_interface.c.o
                0x10001c9c                _exit
 .text.exit     0x10001ca0        0x8 CMakeFiles/ultrasonidos.dir/usr/local/src/rpico/pico-sdk/src/rp2_common/pico_clib_interface/newlib_interface.c.o
                0x10001ca0                exit
 .text.runtime_init
                0x10001ca8       0x2c CMakeFiles/ultrasonidos.dir/usr/local/src/rpico/pico-sdk/src/rp2_common/pico_clib_interface/newlib_interface.c.o
                0x10001ca8                runtime_init
 .text.stdio_out_chars_no_crlf
                0x10001cd4       0x10 CMakeFiles/ultrasonidos.dir/usr/local/src/rpico/pico-sdk/src/rp2_common/pico_stdio/stdio.c.o
 .text.stdio_out_chars_crlf
                0x10001ce4       0x94 CMakeFiles/ultrasonidos.dir/usr/local/src/rpico/pico-sdk/src/rp2_common/pico_stdio/stdio.c.o
 .text.stdio_put_string
                0x10001d78      0x100 CMakeFiles/ultrasonidos.dir/usr/local/src/rpico/pico-sdk/src/rp2_common/pico_stdio/stdio.c.o
                0x10001d78                stdio_put_string
 .text.stdio_set_driver_enabled
                0x10001e78       0x30 CMakeFiles/ultrasonidos.dir/usr/local/src/rpico/pico-sdk/src/rp2_common/pico_stdio/stdio.c.o
                0x10001e78                stdio_set_driver_enabled
 .text.stdio_init_all
                0x10001ea8        0x8 CMakeFiles/ultrasonidos.dir/usr/local/src/rpico/pico-sdk/src/rp2_common/pico_stdio/stdio.c.o
                0x10001ea8                stdio_init_all
 .text.__wrap_putchar
                0x10001eb0       0x98 CMakeFiles/ultrasonidos.dir/usr/local/src/rpico/pico-sdk/src/rp2_common/pico_stdio/stdio.c.o
                0x10001eb0                stdio_putchar
                0x10001eb0                __wrap_putchar
 .text.__wrap_puts
                0x10001f48       0x3c CMakeFiles/ultrasonidos.dir/usr/local/src/rpico/pico-sdk/src/rp2_common/pico_stdio/stdio.c.o
                0x10001f48                __wrap_puts
                0x10001f48                stdio_puts
 .text.resetd_init
                0x10001f84        0x4 CMakeFiles/ultrasonidos.dir/usr/local/src/rpico/pico-sdk/src/rp2_common/pico_stdio_usb/reset_interface.c.o
 .text.resetd_reset
                0x10001f88        0xc CMakeFiles/ultrasonidos.dir/usr/local/src/rpico/pico-sdk/src/rp2_common/pico_stdio_usb/reset_interface.c.o
 .text.resetd_open
                0x10001f94       0x28 CMakeFiles/ultrasonidos.dir/usr/local/src/rpico/pico-sdk/src/rp2_common/pico_stdio_usb/reset_interface.c.o
 .text.resetd_xfer_cb
                0x10001fbc        0x4 CMakeFiles/ultrasonidos.dir/usr/local/src/rpico/pico-sdk/src/rp2_common/pico_stdio_usb/reset_interface.c.o
 .text.resetd_control_xfer_cb
                0x10001fc0       0x5c CMakeFiles/ultrasonidos.dir/usr/local/src/rpico/pico-sdk/src/rp2_common/pico_stdio_usb/reset_interface.c.o
 .text.tud_descriptor_bos_cb
                0x1000201c        0x8 CMakeFiles/ultrasonidos.dir/usr/local/src/rpico/pico-sdk/src/rp2_common/pico_stdio_usb/reset_interface.c.o
                0x1000201c                tud_descriptor_bos_cb
 .text.tud_vendor_control_xfer_cb
                0x10002024       0x34 CMakeFiles/ultrasonidos.dir/usr/local/src/rpico/pico-sdk/src/rp2_common/pico_stdio_usb/reset_interface.c.o
                0x10002024                tud_vendor_control_xfer_cb
 .text.usbd_app_driver_get_cb
                0x10002058        0xc CMakeFiles/ultrasonidos.dir/usr/local/src/rpico/pico-sdk/src/rp2_common/pico_stdio_usb/reset_interface.c.o
                0x10002058                usbd_app_driver_get_cb
 .text.tud_cdc_line_coding_cb
                0x10002064       0x2c CMakeFiles/ultrasonidos.dir/usr/local/src/rpico/pico-sdk/src/rp2_common/pico_stdio_usb/reset_interface.c.o
                0x10002064                tud_cdc_line_coding_cb
 .text.stdio_usb_set_chars_available_callback
                0x10002090       0x14 CMakeFiles/ultrasonidos.dir/usr/local/src/rpico/pico-sdk/src/rp2_common/pico_stdio_usb/stdio_usb.c.o
                0x10002090                stdio_usb_set_chars_available_callback
 .text.usb_irq  0x100020a4       0x10 CMakeFiles/ultrasonidos.dir/usr/local/src/rpico/pico-sdk/src/rp2_common/pico_stdio_usb/stdio_usb.c.o
 .text.timer_task
                0x100020b4       0x64 CMakeFiles/ultrasonidos.dir/usr/local/src/rpico/pico-sdk/src/rp2_common/pico_stdio_usb/stdio_usb.c.o
 .text.stdio_usb_in_chars
                0x10002118       0x90 CMakeFiles/ultrasonidos.dir/usr/local/src/rpico/pico-sdk/src/rp2_common/pico_stdio_usb/stdio_usb.c.o
                0x10002118                stdio_usb_in_chars
 .text.stdio_usb_out_flush
                0x100021a8       0x50 CMakeFiles/ultrasonidos.dir/usr/local/src/rpico/pico-sdk/src/rp2_common/pico_stdio_usb/stdio_usb.c.o
 .text.stdio_usb_out_chars
                0x100021f8      0x104 CMakeFiles/ultrasonidos.dir/usr/local/src/rpico/pico-sdk/src/rp2_common/pico_stdio_usb/stdio_usb.c.o
 .text.low_priority_worker_irq
                0x100022fc       0xcc CMakeFiles/ultrasonidos.dir/usr/local/src/rpico/pico-sdk/src/rp2_common/pico_stdio_usb/stdio_usb.c.o
 .text.stdio_usb_init
                0x100023c8       0xec CMakeFiles/ultrasonidos.dir/usr/local/src/rpico/pico-sdk/src/rp2_common/pico_stdio_usb/stdio_usb.c.o
                0x100023c8                stdio_usb_init
 .text.tud_descriptor_device_cb
                0x100024b4        0x8 CMakeFiles/ultrasonidos.dir/usr/local/src/rpico/pico-sdk/src/rp2_common/pico_stdio_usb/stdio_usb_descriptors.c.o
                0x100024b4                tud_descriptor_device_cb
 .text.tud_descriptor_configuration_cb
                0x100024bc        0x8 CMakeFiles/ultrasonidos.dir/usr/local/src/rpico/pico-sdk/src/rp2_common/pico_stdio_usb/stdio_usb_descriptors.c.o
                0x100024bc                tud_descriptor_configuration_cb
 .text.tud_descriptor_string_cb
                0x100024c4       0x78 CMakeFiles/ultrasonidos.dir/usr/local/src/rpico/pico-sdk/src/rp2_common/pico_stdio_usb/stdio_usb_descriptors.c.o
                0x100024c4                tud_descriptor_string_cb
 .text.startup._retrieve_unique_id_on_boot
                0x1000253c       0x10 CMakeFiles/ultrasonidos.dir/usr/local/src/rpico/pico-sdk/src/rp2_common/pico_unique_id/unique_id.c.o
 .text.pico_get_unique_board_id_string
                0x1000254c      0x1a8 CMakeFiles/ultrasonidos.dir/usr/local/src/rpico/pico-sdk/src/rp2_common/pico_unique_id/unique_id.c.o
                0x1000254c                pico_get_unique_board_id_string
 .text.flash_get_unique_id
                0x100026f4       0x3c CMakeFiles/ultrasonidos.dir/usr/local/src/rpico/pico-sdk/src/rp2_common/hardware_flash/flash.c.o
                0x100026f4                flash_get_unique_id
 .text.dcd_init
                0x10002730       0x90 CMakeFiles/ultrasonidos.dir/usr/local/src/rpico/pico-sdk/lib/tinyusb/src/portable/raspberrypi/rp2040/dcd_rp2040.c.o
                0x10002730                dcd_init
 .text.dcd_int_enable
                0x100027c0        0xc CMakeFiles/ultrasonidos.dir/usr/local/src/rpico/pico-sdk/lib/tinyusb/src/portable/raspberrypi/rp2040/dcd_rp2040.c.o
                0x100027c0                dcd_int_enable
 .text.dcd_set_address
                0x100027cc       0x14 CMakeFiles/ultrasonidos.dir/usr/local/src/rpico/pico-sdk/lib/tinyusb/src/portable/raspberrypi/rp2040/dcd_rp2040.c.o
                0x100027cc                dcd_set_address
 .text.dcd_sof_enable
                0x100027e0       0x1c CMakeFiles/ultrasonidos.dir/usr/local/src/rpico/pico-sdk/lib/tinyusb/src/portable/raspberrypi/rp2040/dcd_rp2040.c.o
                0x100027e0                dcd_sof_enable
 .text.dcd_edpt0_status_complete
                0x100027fc       0x1c CMakeFiles/ultrasonidos.dir/usr/local/src/rpico/pico-sdk/lib/tinyusb/src/portable/raspberrypi/rp2040/dcd_rp2040.c.o
                0x100027fc                dcd_edpt0_status_complete
 .text.dcd_edpt_open
                0x10002818      0x114 CMakeFiles/ultrasonidos.dir/usr/local/src/rpico/pico-sdk/lib/tinyusb/src/portable/raspberrypi/rp2040/dcd_rp2040.c.o
                0x10002818                dcd_edpt_open
 .text.dcd_edpt_close_all
                0x1000292c        0x8 CMakeFiles/ultrasonidos.dir/usr/local/src/rpico/pico-sdk/lib/tinyusb/src/portable/raspberrypi/rp2040/dcd_rp2040.c.o
                0x1000292c                dcd_edpt_close_all
 .text.dcd_edpt_xfer
                0x10002934       0x24 CMakeFiles/ultrasonidos.dir/usr/local/src/rpico/pico-sdk/lib/tinyusb/src/portable/raspberrypi/rp2040/dcd_rp2040.c.o
                0x10002934                dcd_edpt_xfer
 .text.dcd_edpt_stall
                0x10002958       0x34 CMakeFiles/ultrasonidos.dir/usr/local/src/rpico/pico-sdk/lib/tinyusb/src/portable/raspberrypi/rp2040/dcd_rp2040.c.o
                0x10002958                dcd_edpt_stall
 .text.dcd_edpt_clear_stall
                0x1000298c       0x30 CMakeFiles/ultrasonidos.dir/usr/local/src/rpico/pico-sdk/lib/tinyusb/src/portable/raspberrypi/rp2040/dcd_rp2040.c.o
                0x1000298c                dcd_edpt_clear_stall
 .text.rp2040_usb_init
                0x100029bc       0x40 CMakeFiles/ultrasonidos.dir/usr/local/src/rpico/pico-sdk/lib/tinyusb/src/portable/raspberrypi/rp2040/rp2040_usb.c.o
                0x100029bc                rp2040_usb_init
 .text.hw_endpoint_xfer_start
                0x100029fc       0x40 CMakeFiles/ultrasonidos.dir/usr/local/src/rpico/pico-sdk/lib/tinyusb/src/portable/raspberrypi/rp2040/rp2040_usb.c.o
                0x100029fc                hw_endpoint_xfer_start
 .text.tud_event_hook_cb
                0x10002a3c        0x4 CMakeFiles/ultrasonidos.dir/usr/local/src/rpico/pico-sdk/lib/tinyusb/src/device/usbd.c.o
                0x10002a3c                tud_event_hook_cb
 .text.tud_sof_cb
                0x10002a40        0x4 CMakeFiles/ultrasonidos.dir/usr/local/src/rpico/pico-sdk/lib/tinyusb/src/device/usbd.c.o
                0x10002a40                tud_sof_cb
 .text.tud_descriptor_device_qualifier_cb
                0x10002a44        0x4 CMakeFiles/ultrasonidos.dir/usr/local/src/rpico/pico-sdk/lib/tinyusb/src/device/usbd.c.o
                0x10002a44                tud_descriptor_device_qualifier_cb
 .text.tud_descriptor_other_speed_configuration_cb
                0x10002a48        0x4 CMakeFiles/ultrasonidos.dir/usr/local/src/rpico/pico-sdk/lib/tinyusb/src/device/usbd.c.o
                0x10002a48                tud_descriptor_other_speed_configuration_cb
 .text.tud_mount_cb
                0x10002a4c        0x4 CMakeFiles/ultrasonidos.dir/usr/local/src/rpico/pico-sdk/lib/tinyusb/src/device/usbd.c.o
                0x10002a4c                tud_mount_cb
 .text.tud_umount_cb
                0x10002a50        0x4 CMakeFiles/ultrasonidos.dir/usr/local/src/rpico/pico-sdk/lib/tinyusb/src/device/usbd.c.o
                0x10002a50                tud_umount_cb
 .text.tud_suspend_cb
                0x10002a54        0x4 CMakeFiles/ultrasonidos.dir/usr/local/src/rpico/pico-sdk/lib/tinyusb/src/device/usbd.c.o
                0x10002a54                tud_suspend_cb
 .text.tud_resume_cb
                0x10002a58        0x4 CMakeFiles/ultrasonidos.dir/usr/local/src/rpico/pico-sdk/lib/tinyusb/src/device/usbd.c.o
                0x10002a58                tud_resume_cb
 .text.tud_mounted
                0x10002a5c       0x10 CMakeFiles/ultrasonidos.dir/usr/local/src/rpico/pico-sdk/lib/tinyusb/src/device/usbd.c.o
                0x10002a5c                tud_mounted
 .text.tud_suspended
                0x10002a6c       0x10 CMakeFiles/ultrasonidos.dir/usr/local/src/rpico/pico-sdk/lib/tinyusb/src/device/usbd.c.o
                0x10002a6c                tud_suspended
 .text.tud_rhport_init
                0x10002a7c       0xfc CMakeFiles/ultrasonidos.dir/usr/local/src/rpico/pico-sdk/lib/tinyusb/src/device/usbd.c.o
                0x10002a7c                tud_rhport_init
 .text.tud_task_ext
                0x10002b78      0x800 CMakeFiles/ultrasonidos.dir/usr/local/src/rpico/pico-sdk/lib/tinyusb/src/device/usbd.c.o
                0x10002b78                tud_task_ext
 .text.usbd_open_edpt_pair
                0x10003378       0x9c CMakeFiles/ultrasonidos.dir/usr/local/src/rpico/pico-sdk/lib/tinyusb/src/device/usbd.c.o
                0x10003378                usbd_open_edpt_pair
 .text.usbd_edpt_open
                0x10003414       0x34 CMakeFiles/ultrasonidos.dir/usr/local/src/rpico/pico-sdk/lib/tinyusb/src/device/usbd.c.o
                0x10003414                usbd_edpt_open
 .text.usbd_edpt_claim
                0x10003448       0x28 CMakeFiles/ultrasonidos.dir/usr/local/src/rpico/pico-sdk/lib/tinyusb/src/device/usbd.c.o
                0x10003448                usbd_edpt_claim
 .text.usbd_edpt_release
                0x10003470       0x28 CMakeFiles/ultrasonidos.dir/usr/local/src/rpico/pico-sdk/lib/tinyusb/src/device/usbd.c.o
                0x10003470                usbd_edpt_release
 .text.usbd_edpt_xfer
                0x10003498       0x4c CMakeFiles/ultrasonidos.dir/usr/local/src/rpico/pico-sdk/lib/tinyusb/src/device/usbd.c.o
                0x10003498                usbd_edpt_xfer
 .text.tud_control_status
                0x100034e4       0x2c CMakeFiles/ultrasonidos.dir/usr/local/src/rpico/pico-sdk/lib/tinyusb/src/device/usbd_control.c.o
                0x100034e4                tud_control_status
 .text.tud_control_xfer
                0x10003510       0xac CMakeFiles/ultrasonidos.dir/usr/local/src/rpico/pico-sdk/lib/tinyusb/src/device/usbd_control.c.o
                0x10003510                tud_control_xfer
 .text.usbd_control_reset
                0x100035bc       0x14 CMakeFiles/ultrasonidos.dir/usr/local/src/rpico/pico-sdk/lib/tinyusb/src/device/usbd_control.c.o
                0x100035bc                usbd_control_reset
 .text.usbd_control_set_complete_callback
                0x100035d0        0xc CMakeFiles/ultrasonidos.dir/usr/local/src/rpico/pico-sdk/lib/tinyusb/src/device/usbd_control.c.o
                0x100035d0                usbd_control_set_complete_callback
 .text.usbd_control_set_request
                0x100035dc       0x1c CMakeFiles/ultrasonidos.dir/usr/local/src/rpico/pico-sdk/lib/tinyusb/src/device/usbd_control.c.o
                0x100035dc                usbd_control_set_request
 .text.usbd_control_xfer_cb
                0x100035f8       0xec CMakeFiles/ultrasonidos.dir/usr/local/src/rpico/pico-sdk/lib/tinyusb/src/device/usbd_control.c.o
                0x100035f8                usbd_control_xfer_cb
 .text._prep_out_transaction.isra.0
                0x100036e4       0x6c CMakeFiles/ultrasonidos.dir/usr/local/src/rpico/pico-sdk/lib/tinyusb/src/class/cdc/cdc_device.c.o
 .text.tud_cdc_n_connected
                0x10003750       0x2c CMakeFiles/ultrasonidos.dir/usr/local/src/rpico/pico-sdk/lib/tinyusb/src/class/cdc/cdc_device.c.o
                0x10003750                tud_cdc_n_connected
 .text.tud_cdc_n_available
                0x1000377c       0x14 CMakeFiles/ultrasonidos.dir/usr/local/src/rpico/pico-sdk/lib/tinyusb/src/class/cdc/cdc_device.c.o
                0x1000377c                tud_cdc_n_available
 .text.tud_cdc_n_read
                0x10003790       0x94 CMakeFiles/ultrasonidos.dir/usr/local/src/rpico/pico-sdk/lib/tinyusb/src/class/cdc/cdc_device.c.o
                0x10003790                tud_cdc_n_read
 .text.tud_cdc_n_write_flush
                0x10003824       0x74 CMakeFiles/ultrasonidos.dir/usr/local/src/rpico/pico-sdk/lib/tinyusb/src/class/cdc/cdc_device.c.o
                0x10003824                tud_cdc_n_write_flush
 .text.tud_cdc_n_write
                0x10003898       0x40 CMakeFiles/ultrasonidos.dir/usr/local/src/rpico/pico-sdk/lib/tinyusb/src/class/cdc/cdc_device.c.o
                0x10003898                tud_cdc_n_write
 .text.tud_cdc_n_write_available
                0x100038d8       0x14 CMakeFiles/ultrasonidos.dir/usr/local/src/rpico/pico-sdk/lib/tinyusb/src/class/cdc/cdc_device.c.o
                0x100038d8                tud_cdc_n_write_available
 .text.cdcd_init
                0x100038ec       0x70 CMakeFiles/ultrasonidos.dir/usr/local/src/rpico/pico-sdk/lib/tinyusb/src/class/cdc/cdc_device.c.o
                0x100038ec                cdcd_init
 .text.cdcd_deinit
                0x1000395c       0x34 CMakeFiles/ultrasonidos.dir/usr/local/src/rpico/pico-sdk/lib/tinyusb/src/class/cdc/cdc_device.c.o
                0x1000395c                cdcd_deinit
 .text.cdcd_reset
                0x10003990       0x4c CMakeFiles/ultrasonidos.dir/usr/local/src/rpico/pico-sdk/lib/tinyusb/src/class/cdc/cdc_device.c.o
                0x10003990                cdcd_reset
 .text.cdcd_open
                0x100039dc       0xa8 CMakeFiles/ultrasonidos.dir/usr/local/src/rpico/pico-sdk/lib/tinyusb/src/class/cdc/cdc_device.c.o
                0x100039dc                cdcd_open
 .text.cdcd_control_xfer_cb
                0x10003a84       0xe8 CMakeFiles/ultrasonidos.dir/usr/local/src/rpico/pico-sdk/lib/tinyusb/src/class/cdc/cdc_device.c.o
                0x10003a84                cdcd_control_xfer_cb
 .text.cdcd_xfer_cb
                0x10003b6c      0x100 CMakeFiles/ultrasonidos.dir/usr/local/src/rpico/pico-sdk/lib/tinyusb/src/class/cdc/cdc_device.c.o
                0x10003b6c                cdcd_xfer_cb
 .text.vendord_init
                0x10003c6c       0x5c CMakeFiles/ultrasonidos.dir/usr/local/src/rpico/pico-sdk/lib/tinyusb/src/class/vendor/vendor_device.c.o
                0x10003c6c                vendord_init
 .text.vendord_deinit
                0x10003cc8       0x1c CMakeFiles/ultrasonidos.dir/usr/local/src/rpico/pico-sdk/lib/tinyusb/src/class/vendor/vendor_device.c.o
                0x10003cc8                vendord_deinit
 .text.vendord_reset
                0x10003ce4       0x28 CMakeFiles/ultrasonidos.dir/usr/local/src/rpico/pico-sdk/lib/tinyusb/src/class/vendor/vendor_device.c.o
                0x10003ce4                vendord_reset
 .text.vendord_open
                0x10003d0c      0x128 CMakeFiles/ultrasonidos.dir/usr/local/src/rpico/pico-sdk/lib/tinyusb/src/class/vendor/vendor_device.c.o
                0x10003d0c                vendord_open
 .text.vendord_xfer_cb
                0x10003e34       0x9c CMakeFiles/ultrasonidos.dir/usr/local/src/rpico/pico-sdk/lib/tinyusb/src/class/vendor/vendor_device.c.o
                0x10003e34                vendord_xfer_cb
 .text.tusb_rhport_init
                0x10003ed0       0x48 CMakeFiles/ultrasonidos.dir/usr/local/src/rpico/pico-sdk/lib/tinyusb/src/tusb.c.o
                0x10003ed0                tusb_rhport_init
 .text.tu_edpt_claim
                0x10003f18       0x50 CMakeFiles/ultrasonidos.dir/usr/local/src/rpico/pico-sdk/lib/tinyusb/src/tusb.c.o
                0x10003f18                tu_edpt_claim
 .text.tu_edpt_release
                0x10003f68       0x38 CMakeFiles/ultrasonidos.dir/usr/local/src/rpico/pico-sdk/lib/tinyusb/src/tusb.c.o
                0x10003f68                tu_edpt_release
 .text.tu_edpt_validate
                0x10003fa0       0x7c CMakeFiles/ultrasonidos.dir/usr/local/src/rpico/pico-sdk/lib/tinyusb/src/tusb.c.o
                0x10003fa0                tu_edpt_validate
 .text.tu_edpt_bind_driver
                0x1000401c       0x34 CMakeFiles/ultrasonidos.dir/usr/local/src/rpico/pico-sdk/lib/tinyusb/src/tusb.c.o
                0x1000401c                tu_edpt_bind_driver
 .text.tu_edpt_stream_init
                0x10004050       0x6c CMakeFiles/ultrasonidos.dir/usr/local/src/rpico/pico-sdk/lib/tinyusb/src/tusb.c.o
                0x10004050                tu_edpt_stream_init
 .text.tu_edpt_stream_deinit
                0x100040bc        0x4 CMakeFiles/ultrasonidos.dir/usr/local/src/rpico/pico-sdk/lib/tinyusb/src/tusb.c.o
                0x100040bc                tu_edpt_stream_deinit
 .text.tu_edpt_stream_write_zlp_if_needed
                0x100040c0       0x68 CMakeFiles/ultrasonidos.dir/usr/local/src/rpico/pico-sdk/lib/tinyusb/src/tusb.c.o
                0x100040c0                tu_edpt_stream_write_zlp_if_needed
 .text.tu_edpt_stream_write_xfer
                0x10004128       0x64 CMakeFiles/ultrasonidos.dir/usr/local/src/rpico/pico-sdk/lib/tinyusb/src/tusb.c.o
                0x10004128                tu_edpt_stream_write_xfer
 .text.tu_edpt_stream_read_xfer
                0x1000418c       0xdc CMakeFiles/ultrasonidos.dir/usr/local/src/rpico/pico-sdk/lib/tinyusb/src/tusb.c.o
                0x1000418c                tu_edpt_stream_read_xfer
 .text.tu_fifo_config
                0x10004268       0x6c CMakeFiles/ultrasonidos.dir/usr/local/src/rpico/pico-sdk/lib/tinyusb/src/common/tusb_fifo.c.o
                0x10004268                tu_fifo_config
 .text.tu_fifo_count
                0x100042d4       0x2c CMakeFiles/ultrasonidos.dir/usr/local/src/rpico/pico-sdk/lib/tinyusb/src/common/tusb_fifo.c.o
                0x100042d4                tu_fifo_count
 .text.tu_fifo_empty
                0x10004300       0x10 CMakeFiles/ultrasonidos.dir/usr/local/src/rpico/pico-sdk/lib/tinyusb/src/common/tusb_fifo.c.o
                0x10004300                tu_fifo_empty
 .text.tu_fifo_remaining
                0x10004310       0x2c CMakeFiles/ultrasonidos.dir/usr/local/src/rpico/pico-sdk/lib/tinyusb/src/common/tusb_fifo.c.o
                0x10004310                tu_fifo_remaining
 .text.tu_fifo_read
                0x1000433c       0x9c CMakeFiles/ultrasonidos.dir/usr/local/src/rpico/pico-sdk/lib/tinyusb/src/common/tusb_fifo.c.o
                0x1000433c                tu_fifo_read
 .text.tu_fifo_read_n
                0x100043d8       0xe8 CMakeFiles/ultrasonidos.dir/usr/local/src/rpico/pico-sdk/lib/tinyusb/src/common/tusb_fifo.c.o
                0x100043d8                tu_fifo_read_n
 .text.tu_fifo_write
                0x100044c0       0xa8 CMakeFiles/ultrasonidos.dir/usr/local/src/rpico/pico-sdk/lib/tinyusb/src/common/tusb_fifo.c.o
                0x100044c0                tu_fifo_write
 .text.tu_fifo_write_n
                0x10004568      0x178 CMakeFiles/ultrasonidos.dir/usr/local/src/rpico/pico-sdk/lib/tinyusb/src/common/tusb_fifo.c.o
                0x10004568                tu_fifo_write_n
 .text.tu_fifo_clear
                0x100046e0       0x40 CMakeFiles/ultrasonidos.dir/usr/local/src/rpico/pico-sdk/lib/tinyusb/src/common/tusb_fifo.c.o
                0x100046e0                tu_fifo_clear
 .text.tu_fifo_set_overwritable
                0x10004720       0x48 CMakeFiles/ultrasonidos.dir/usr/local/src/rpico/pico-sdk/lib/tinyusb/src/common/tusb_fifo.c.o
                0x10004720                tu_fifo_set_overwritable
 .text          0x10004768       0x10 /usr/lib/gcc/arm-none-eabi/13.2.1/../../../arm-none-eabi/lib/thumb/v6-m/nofp/libg.a(libc_a-atexit.o)
                0x10004768                atexit
 .text          0x10004778       0x5c /usr/lib/gcc/arm-none-eabi/13.2.1/../../../arm-none-eabi/lib/thumb/v6-m/nofp/libg.a(libc_a-strlen-stub.o)
                0x10004778                strlen
 .text          0x100047d4       0x28 /usr/lib/gcc/arm-none-eabi/13.2.1/../../../arm-none-eabi/lib/thumb/v6-m/nofp/libg.a(libc_a-fini.o)
                0x100047d4                __libc_fini_array
 .text          0x100047fc       0x78 /usr/lib/gcc/arm-none-eabi/13.2.1/../../../arm-none-eabi/lib/thumb/v6-m/nofp/libg.a(libc_a-__atexit.o)
                0x100047fc                __register_exitproc
 .text.startup  0x10004874       0x18 /usr/lib/gcc/arm-none-eabi/13.2.1/../../../arm-none-eabi/lib/thumb/v6-m/nofp/libg.a(libc_a-__call_atexit.o)
 *(.fini)
 .fini          0x1000488c        0x4 /usr/lib/gcc/arm-none-eabi/13.2.1/thumb/v6-m/nofp/crti.o
                0x1000488c                _fini
 .fini.__stub   0x10004890       0xb0 linker stubs
 *crtbegin.o(.ctors)
 *crtbegin?.o(.ctors)
 *(EXCLUDE_FILE(*crtend.o *crtend?.o) .ctors)
 *(SORT_BY_NAME(.ctors.*))
 *(.ctors)
 *crtbegin.o(.dtors)
 *crtbegin?.o(.dtors)
 *(EXCLUDE_FILE(*crtend.o *crtend?.o) .dtors)
 *(SORT_BY_NAME(.dtors.*))
 *(.dtors)
                0x10004940                        . = ALIGN (0x4)
                0x10004940                        PROVIDE (__preinit_array_start = .)
 *(SORT_BY_NAME(.preinit_array.*))
 .preinit_array.00100
                0x10004940        0x4 CMakeFiles/ultrasonidos.dir/usr/local/src/rpico/pico-sdk/src/rp2_common/pico_runtime_init/runtime_init.c.o
                0x10004940                __pre_init_runtime_init_early_resets
 .preinit_array.00101
                0x10004944        0x4 CMakeFiles/ultrasonidos.dir/usr/local/src/rpico/pico-sdk/src/rp2_common/pico_runtime_init/runtime_init.c.o
                0x10004944                __pre_init_runtime_init_usb_power_down
 .preinit_array.00275
                0x10004948        0x4 CMakeFiles/ultrasonidos.dir/usr/local/src/rpico/pico-sdk/src/rp2_common/pico_bit_ops/bit_ops_aeabi.S.o
 .preinit_array.00300
                0x1000494c        0x4 CMakeFiles/ultrasonidos.dir/usr/local/src/rpico/pico-sdk/src/rp2_common/pico_mem_ops/mem_ops_aeabi.S.o
 .preinit_array.00350
                0x10004950        0x4 CMakeFiles/ultrasonidos.dir/usr/local/src/rpico/pico-sdk/src/rp2_common/pico_double/double_aeabi_rp2040.S.o
 .preinit_array.00350
                0x10004954        0x4 CMakeFiles/ultrasonidos.dir/usr/local/src/rpico/pico-sdk/src/rp2_common/pico_float/float_aeabi_rp2040.S.o
 .preinit_array.00500
                0x10004958        0x4 CMakeFiles/ultrasonidos.dir/usr/local/src/rpico/pico-sdk/src/rp2_common/pico_runtime_init/runtime_init.c.o
                0x10004958                __pre_init_runtime_init_clocks
 .preinit_array.00600
                0x1000495c        0x4 CMakeFiles/ultrasonidos.dir/usr/local/src/rpico/pico-sdk/src/rp2_common/pico_runtime_init/runtime_init.c.o
                0x1000495c                __pre_init_runtime_init_post_clock_resets
 .preinit_array.00700
                0x10004960        0x4 CMakeFiles/ultrasonidos.dir/usr/local/src/rpico/pico-sdk/src/rp2_common/pico_runtime_init/runtime_init.c.o
                0x10004960                __pre_init_runtime_init_rp2040_gpio_ie_disable
 .preinit_array.01000
                0x10004964        0x4 CMakeFiles/ultrasonidos.dir/usr/local/src/rpico/pico-sdk/src/rp2_common/pico_runtime_init/runtime_init.c.o
                0x10004964                __pre_init_runtime_init_spin_locks_reset
 .preinit_array.01100
                0x10004968        0x4 CMakeFiles/ultrasonidos.dir/usr/local/src/rpico/pico-sdk/src/common/pico_sync/mutex.c.o
                0x10004968                __pre_init_runtime_init_mutex
 .preinit_array.10080
                0x1000496c        0x4 CMakeFiles/ultrasonidos.dir/usr/local/src/rpico/pico-sdk/src/rp2_common/pico_runtime_init/runtime_init.c.o
                0x1000496c                __pre_init_runtime_init_install_ram_vector_table
 .preinit_array.11000
                0x10004970        0x4 CMakeFiles/ultrasonidos.dir/usr/local/src/rpico/pico-sdk/src/common/pico_time/time.c.o
                0x10004970                __pre_init_runtime_init_default_alarm_pool
 .preinit_array.YYYYY
                0x10004974        0x4 CMakeFiles/ultrasonidos.dir/usr/local/src/rpico/pico-sdk/src/rp2_common/pico_runtime/runtime.c.o
                0x10004974                __pre_init_first_per_core_initializer
 .preinit_array.ZZZZZ.01200
                0x10004978        0x4 CMakeFiles/ultrasonidos.dir/usr/local/src/rpico/pico-sdk/src/rp2_common/hardware_irq/irq.c.o
                0x10004978                __pre_init_runtime_init_per_core_irq_priorities
 *(.preinit_array)
                0x1000497c                        PROVIDE (__preinit_array_end = .)
                0x1000497c                        . = ALIGN (0x4)
                0x1000497c                        PROVIDE (__init_array_start = .)
 *(SORT_BY_NAME(.init_array.*))
 .init_array.00000
                0x1000497c        0x4 /usr/lib/gcc/arm-none-eabi/13.2.1/../../../arm-none-eabi/lib/thumb/v6-m/nofp/libg.a(libc_a-__call_atexit.o)
 .init_array.01000
                0x10004980        0x4 CMakeFiles/ultrasonidos.dir/usr/local/src/rpico/pico-sdk/src/rp2_common/pico_unique_id/unique_id.c.o
 *(.init_array)
 .init_array    0x10004984        0x4 /usr/lib/gcc/arm-none-eabi/13.2.1/thumb/v6-m/nofp/crtbegin.o
                0x10004988                        PROVIDE (__init_array_end = .)
                0x10004988                        . = ALIGN (0x4)
                0x10004988                        PROVIDE (__fini_array_start = .)
 *(SORT_BY_NAME(.fini_array.*))
 *(.fini_array)
                0x10004988                        PROVIDE (__fini_array_end = .)
 *(.eh_frame*)
 .eh_frame      0x10004988        0x0 /usr/lib/gcc/arm-none-eabi/13.2.1/thumb/v6-m/nofp/crtbegin.o
                0x10004988                        . = ALIGN (0x4)

.glue_7         0x10004988        0x0
 .glue_7        0x10004988        0x0 linker stubs

.glue_7t        0x10004988        0x0
 .glue_7t       0x10004988        0x0 linker stubs

.vfp11_veneer   0x10004988        0x0
 .vfp11_veneer  0x10004988        0x0 linker stubs

.v4_bx          0x10004988        0x0
 .v4_bx         0x10004988        0x0 linker stubs

.iplt           0x10004988        0x0
 .iplt          0x10004988        0x0 /usr/lib/gcc/arm-none-eabi/13.2.1/thumb/v6-m/nofp/crtbegin.o

.rodata         0x10004988      0x414
 *(EXCLUDE_FILE(*libm.a: *libc.a:*lib_a-mem*.o *libgcc.a:) .rodata*)
 .rodata.panic.str1.4
                0x10004988      0x15c CMakeFiles/ultrasonidos.dir/usr/local/src/rpico/pico-sdk/src/rp2_common/pico_platform_panic/panic.c.o
                                 0x12 (size before relaxing)
 .rodata.spin_lock_claim_unused.str1.4
                0x10004ae4       0x1b CMakeFiles/ultrasonidos.dir/usr/local/src/rpico/pico-sdk/src/rp2_common/hardware_sync/sync.c.o
 .rodata.user_irq_claim_unused.str1.4
                0x10004ae4       0x1b CMakeFiles/ultrasonidos.dir/usr/local/src/rpico/pico-sdk/src/rp2_common/hardware_irq/irq.c.o
 .rodata.timer_hardware_alarm_claim.str1.4
                0x10004ae4       0x22 CMakeFiles/ultrasonidos.dir/usr/local/src/rpico/pico-sdk/src/rp2_common/hardware_timer/timer.c.o
 .rodata.hard_assertion_failure.str1.4
                0x10004ae4        0xc CMakeFiles/ultrasonidos.dir/usr/local/src/rpico/pico-sdk/src/rp2_common/pico_runtime/runtime.c.o
 .rodata.str1.4
                0x10004ae4       0x44 CMakeFiles/ultrasonidos.dir/usr/local/src/rpico/pico-sdk/src/rp2_common/pico_standard_binary_info/standard_binary_info.c.o
 .rodata.__bi_84
                0x10004ae4        0xc CMakeFiles/ultrasonidos.dir/usr/local/src/rpico/pico-sdk/src/rp2_common/pico_standard_binary_info/standard_binary_info.c.o
 .rodata.__bi_78
                0x10004af0        0xc CMakeFiles/ultrasonidos.dir/usr/local/src/rpico/pico-sdk/src/rp2_common/pico_standard_binary_info/standard_binary_info.c.o
 .rodata.__bi_54
                0x10004afc        0xc CMakeFiles/ultrasonidos.dir/usr/local/src/rpico/pico-sdk/src/rp2_common/pico_standard_binary_info/standard_binary_info.c.o
 .rodata.__bi_48
                0x10004b08        0xc CMakeFiles/ultrasonidos.dir/usr/local/src/rpico/pico-sdk/src/rp2_common/pico_standard_binary_info/standard_binary_info.c.o
 .rodata.__bi_42
                0x10004b14        0xc CMakeFiles/ultrasonidos.dir/usr/local/src/rpico/pico-sdk/src/rp2_common/pico_standard_binary_info/standard_binary_info.c.o
 .rodata.__bi_34
                0x10004b20        0xc CMakeFiles/ultrasonidos.dir/usr/local/src/rpico/pico-sdk/src/rp2_common/pico_standard_binary_info/standard_binary_info.c.o
 .rodata.__bi_26
                0x10004b2c        0xc CMakeFiles/ultrasonidos.dir/usr/local/src/rpico/pico-sdk/src/rp2_common/pico_standard_binary_info/standard_binary_info.c.o
 .rodata.crlf_str.0
                0x10004b38        0x2 CMakeFiles/ultrasonidos.dir/usr/local/src/rpico/pico-sdk/src/rp2_common/pico_stdio/stdio.c.o
 *fill*         0x10004b3a        0x2 
 .rodata._resetd_driver
                0x10004b3c       0x20 CMakeFiles/ultrasonidos.dir/usr/local/src/rpico/pico-sdk/src/rp2_common/pico_stdio_usb/reset_interface.c.o
 .rodata.desc_ms_os_20
                0x10004b5c       0xa6 CMakeFiles/ultrasonidos.dir/usr/local/src/rpico/pico-sdk/src/rp2_common/pico_stdio_usb/reset_interface.c.o
 *fill*         0x10004c02        0x2 
 .rodata.desc_bos
                0x10004c04       0x21 CMakeFiles/ultrasonidos.dir/usr/local/src/rpico/pico-sdk/src/rp2_common/pico_stdio_usb/reset_interface.c.o
                0x10004c04                desc_bos
 .rodata.str1.4
                0x10004c25       0x13 CMakeFiles/ultrasonidos.dir/usr/local/src/rpico/pico-sdk/src/rp2_common/pico_stdio_usb/stdio_usb.c.o
 *fill*         0x10004c25        0x3 
 .rodata.__bi_202.0
                0x10004c28        0xc CMakeFiles/ultrasonidos.dir/usr/local/src/rpico/pico-sdk/src/rp2_common/pico_stdio_usb/stdio_usb.c.o
 .rodata.str1.4
                0x10004c34       0x2a CMakeFiles/ultrasonidos.dir/usr/local/src/rpico/pico-sdk/src/rp2_common/pico_stdio_usb/stdio_usb_descriptors.c.o
 .rodata.usbd_desc_str
                0x10004c34       0x18 CMakeFiles/ultrasonidos.dir/usr/local/src/rpico/pico-sdk/src/rp2_common/pico_stdio_usb/stdio_usb_descriptors.c.o
 .rodata.usbd_desc_cfg
                0x10004c4c       0x54 CMakeFiles/ultrasonidos.dir/usr/local/src/rpico/pico-sdk/src/rp2_common/pico_stdio_usb/stdio_usb_descriptors.c.o
 .rodata.usbd_desc_device
                0x10004ca0       0x12 CMakeFiles/ultrasonidos.dir/usr/local/src/rpico/pico-sdk/src/rp2_common/pico_stdio_usb/stdio_usb_descriptors.c.o
 .rodata.str1.4
                0x10004cb2       0x14 CMakeFiles/ultrasonidos.dir/usr/local/src/rpico/pico-sdk/lib/tinyusb/src/portable/raspberrypi/rp2040/dcd_rp2040.c.o
 .rodata.str1.4
                0x10004cb2       0x48 CMakeFiles/ultrasonidos.dir/usr/local/src/rpico/pico-sdk/lib/tinyusb/src/portable/raspberrypi/rp2040/rp2040_usb.c.o
 *fill*         0x10004cb2        0x2 
 .rodata.tud_task_ext
                0x10004cb4       0x8c CMakeFiles/ultrasonidos.dir/usr/local/src/rpico/pico-sdk/lib/tinyusb/src/device/usbd.c.o
 .rodata        0x10004d40       0x1c CMakeFiles/ultrasonidos.dir/usr/local/src/rpico/pico-sdk/lib/tinyusb/src/device/usbd.c.o
 .rodata._usbd_driver
                0x10004d5c       0x40 CMakeFiles/ultrasonidos.dir/usr/local/src/rpico/pico-sdk/lib/tinyusb/src/device/usbd.c.o
                0x10004d9c                        . = ALIGN (0x4)
 *(SORT_BY_ALIGNMENT(SORT_BY_NAME(.flashdata*)))
                0x10004d9c                        . = ALIGN (0x4)

.ARM.extab
 *(.ARM.extab* .gnu.linkonce.armextab.*)
                0x10004d9c                        __exidx_start = .

.ARM.exidx
 *(.ARM.exidx* .gnu.linkonce.armexidx.*)
                0x10004d9c                        __exidx_end = .
                0x10004d9c                        . = ALIGN (0x4)
                0x10004d9c                        __binary_info_start = .

.binary_info    0x10004d9c       0x20
 *(.binary_info.keep.*)
 .binary_info.keep.__bi_ptr84
                0x10004d9c        0x4 CMakeFiles/ultrasonidos.dir/usr/local/src/rpico/pico-sdk/src/rp2_common/pico_standard_binary_info/standard_binary_info.c.o
 .binary_info.keep.__bi_ptr78
                0x10004da0        0x4 CMakeFiles/ultrasonidos.dir/usr/local/src/rpico/pico-sdk/src/rp2_common/pico_standard_binary_info/standard_binary_info.c.o
 .binary_info.keep.__bi_ptr54
                0x10004da4        0x4 CMakeFiles/ultrasonidos.dir/usr/local/src/rpico/pico-sdk/src/rp2_common/pico_standard_binary_info/standard_binary_info.c.o
 .binary_info.keep.__bi_ptr48
                0x10004da8        0x4 CMakeFiles/ultrasonidos.dir/usr/local/src/rpico/pico-sdk/src/rp2_common/pico_standard_binary_info/standard_binary_info.c.o
 .binary_info.keep.__bi_ptr42
                0x10004dac        0x4 CMakeFiles/ultrasonidos.dir/usr/local/src/rpico/pico-sdk/src/rp2_common/pico_standard_binary_info/standard_binary_info.c.o
 .binary_info.keep.__bi_ptr34
                0x10004db0        0x4 CMakeFiles/ultrasonidos.dir/usr/local/src/rpico/pico-sdk/src/rp2_common/pico_standard_binary_info/standard_binary_info.c.o
 .binary_info.keep.__bi_ptr26
                0x10004db4        0x4 CMakeFiles/ultrasonidos.dir/usr/local/src/rpico/pico-sdk/src/rp2_common/pico_standard_binary_info/standard_binary_info.c.o
 *(.binary_info.*)
 .binary_info.__bi_ptr202
                0x10004db8        0x4 CMakeFiles/ultrasonidos.dir/usr/local/src/rpico/pico-sdk/src/rp2_common/pico_stdio_usb/stdio_usb.c.o
                0x10004dbc                        __binary_info_end = .
                0x10004dbc                        . = ALIGN (0x4)

.ram_vector_table
                0x20000000       0xc0
 *(.ram_vector_table)
 .ram_vector_table
                0x20000000       0xc0 CMakeFiles/ultrasonidos.dir/usr/local/src/rpico/pico-sdk/src/rp2_common/pico_runtime_init/runtime_init.c.o
                0x20000000                ram_vector_table

.uninitialized_data
                0x200000c0        0x0
                0x200000c0                        . = ALIGN (0x4)
 *(.uninitialized_data*)

.data           0x200000c0      0xfb0 load address 0x10004dbc
                0x200000c0                        __data_start__ = .
 *(vtable)
 *(.time_critical*)
 .time_critical.mutex_try_enter
                0x200000c0       0x40 CMakeFiles/ultrasonidos.dir/usr/local/src/rpico/pico-sdk/src/common/pico_sync/mutex.c.o
                0x200000c0                mutex_try_enter
 .time_critical.mutex_try_enter_block_until
                0x20000100       0x9c CMakeFiles/ultrasonidos.dir/usr/local/src/rpico/pico-sdk/src/common/pico_sync/mutex.c.o
                0x20000100                mutex_try_enter_block_until
 .time_critical.mutex_enter_timeout_ms
                0x2000019c       0x90 CMakeFiles/ultrasonidos.dir/usr/local/src/rpico/pico-sdk/src/common/pico_sync/mutex.c.o
                0x2000019c                mutex_enter_timeout_ms
 .time_critical.mutex_exit
                0x2000022c       0x28 CMakeFiles/ultrasonidos.dir/usr/local/src/rpico/pico-sdk/src/common/pico_sync/mutex.c.o
                0x2000022c                mutex_exit
 .time_critical.flash_init_boot2_copyout
                0x20000254       0x30 CMakeFiles/ultrasonidos.dir/usr/local/src/rpico/pico-sdk/src/rp2_common/hardware_flash/flash.c.o
 .time_critical.flash_enable_xip_via_boot2
                0x20000284        0xc CMakeFiles/ultrasonidos.dir/usr/local/src/rpico/pico-sdk/src/rp2_common/hardware_flash/flash.c.o
 .time_critical.flash_save_hardware_state
                0x20000290       0x20 CMakeFiles/ultrasonidos.dir/usr/local/src/rpico/pico-sdk/src/rp2_common/hardware_flash/flash.c.o
 .time_critical.flash_restore_hardware_state
                0x200002b0       0x20 CMakeFiles/ultrasonidos.dir/usr/local/src/rpico/pico-sdk/src/rp2_common/hardware_flash/flash.c.o
 .time_critical.flash_cs_force
                0x200002d0       0x38 CMakeFiles/ultrasonidos.dir/usr/local/src/rpico/pico-sdk/src/rp2_common/hardware_flash/flash.c.o
 .time_critical.flash_do_cmd
                0x20000308       0xd0 CMakeFiles/ultrasonidos.dir/usr/local/src/rpico/pico-sdk/src/rp2_common/hardware_flash/flash.c.o
                0x20000308                flash_do_cmd
 .time_critical.reset_non_control_endpoints
                0x200003d8       0x68 CMakeFiles/ultrasonidos.dir/usr/local/src/rpico/pico-sdk/lib/tinyusb/src/portable/raspberrypi/rp2040/dcd_rp2040.c.o
 .time_critical.hw_handle_buff_status
                0x20000440       0xa0 CMakeFiles/ultrasonidos.dir/usr/local/src/rpico/pico-sdk/lib/tinyusb/src/portable/raspberrypi/rp2040/dcd_rp2040.c.o
 .time_critical.dcd_rp2040_irq
                0x200004e0      0x544 CMakeFiles/ultrasonidos.dir/usr/local/src/rpico/pico-sdk/lib/tinyusb/src/portable/raspberrypi/rp2040/dcd_rp2040.c.o
 .time_critical.prepare_ep_buffer
                0x20000a24       0xe0 CMakeFiles/ultrasonidos.dir/usr/local/src/rpico/pico-sdk/lib/tinyusb/src/portable/raspberrypi/rp2040/rp2040_usb.c.o
 .time_critical.sync_ep_buffer
                0x20000b04       0xa8 CMakeFiles/ultrasonidos.dir/usr/local/src/rpico/pico-sdk/lib/tinyusb/src/portable/raspberrypi/rp2040/rp2040_usb.c.o
 .time_critical._hw_endpoint_xfer_sync
                0x20000bac       0x28 CMakeFiles/ultrasonidos.dir/usr/local/src/rpico/pico-sdk/lib/tinyusb/src/portable/raspberrypi/rp2040/rp2040_usb.c.o
 .time_critical.e15_is_bulkin_ep
                0x20000bd4       0x28 CMakeFiles/ultrasonidos.dir/usr/local/src/rpico/pico-sdk/lib/tinyusb/src/portable/raspberrypi/rp2040/rp2040_usb.c.o
 .time_critical.e15_is_critical_frame_period
                0x20000bfc       0x34 CMakeFiles/ultrasonidos.dir/usr/local/src/rpico/pico-sdk/lib/tinyusb/src/portable/raspberrypi/rp2040/rp2040_usb.c.o
 .time_critical.hw_endpoint_reset_transfer
                0x20000c30        0xc CMakeFiles/ultrasonidos.dir/usr/local/src/rpico/pico-sdk/lib/tinyusb/src/portable/raspberrypi/rp2040/rp2040_usb.c.o
                0x20000c30                hw_endpoint_reset_transfer
 .time_critical._hw_endpoint_buffer_control_update32
                0x20000c3c       0x50 CMakeFiles/ultrasonidos.dir/usr/local/src/rpico/pico-sdk/lib/tinyusb/src/portable/raspberrypi/rp2040/rp2040_usb.c.o
                0x20000c3c                _hw_endpoint_buffer_control_update32
 .time_critical.hw_endpoint_start_next_buffer
                0x20000c8c       0x6c CMakeFiles/ultrasonidos.dir/usr/local/src/rpico/pico-sdk/lib/tinyusb/src/portable/raspberrypi/rp2040/rp2040_usb.c.o
                0x20000c8c                hw_endpoint_start_next_buffer
 .time_critical.hw_endpoint_xfer_continue
                0x20000cf8       0x40 CMakeFiles/ultrasonidos.dir/usr/local/src/rpico/pico-sdk/lib/tinyusb/src/portable/raspberrypi/rp2040/rp2040_usb.c.o
                0x20000cf8                hw_endpoint_xfer_continue
 .time_critical.tinyusb
                0x20000d38      0x1e4 CMakeFiles/ultrasonidos.dir/usr/local/src/rpico/pico-sdk/lib/tinyusb/src/device/usbd.c.o
                0x20000d38                dcd_event_handler
 *(.text*)
 .text          0x20000f1c        0x4 /usr/lib/gcc/arm-none-eabi/13.2.1/thumb/v6-m/nofp/libgcc.a(_dvmd_tls.o)
                0x20000f1c                __aeabi_ldiv0
                0x20000f1c                __aeabi_idiv0
 .text.__stub   0x20000f20       0x80 linker stubs
                0x20000fa0                        . = ALIGN (0x4)
 *(.rodata*)
                0x20000fa0                        . = ALIGN (0x4)
 *(.data*)
 .data.striped_spin_lock_num
                0x20000fa0        0x1 CMakeFiles/ultrasonidos.dir/usr/local/src/rpico/pico-sdk/src/rp2_common/hardware_sync/sync.c.o
 *fill*         0x20000fa1        0x3 
 .data          0x20000fa4       0x48 CMakeFiles/ultrasonidos.dir/usr/local/src/rpico/pico-sdk/src/rp2_common/hardware_irq/irq_handler_chain.S.o
                0x20000fa4                irq_handler_chain_slots
                0x20000fd4                irq_handler_chain_first_slot
                0x20000fde                irq_handler_chain_remove_tail
 .data.default_alarm_pool
                0x20000fec       0x18 CMakeFiles/ultrasonidos.dir/usr/local/src/rpico/pico-sdk/src/common/pico_time/time.c.o
 *fill*         0x20001004        0xc 
 .data.aeabi_bits_funcs
                0x20001010       0x10 CMakeFiles/ultrasonidos.dir/usr/local/src/rpico/pico-sdk/src/rp2_common/pico_bit_ops/bit_ops_aeabi.S.o
                0x20001010                aeabi_bits_funcs
                0x20001020                aeabi_bits_funcs_end
 .data.aeabi_mem_funcs
                0x20001020       0x10 CMakeFiles/ultrasonidos.dir/usr/local/src/rpico/pico-sdk/src/rp2_common/pico_mem_ops/mem_ops_aeabi.S.o
                0x20001020                aeabi_mem_funcs
                0x20001030                aeabi_mem_funcs_end
 .data.stdio_usb
                0x20001030       0x18 CMakeFiles/ultrasonidos.dir/usr/local/src/rpico/pico-sdk/src/rp2_common/pico_stdio_usb/stdio_usb.c.o
                0x20001030                stdio_usb
 .data._usbd_qdef
                0x20001048       0x1c CMakeFiles/ultrasonidos.dir/usr/local/src/rpico/pico-sdk/lib/tinyusb/src/device/usbd.c.o
                0x20001048                _usbd_qdef
 .data._usbd_rhport
                0x20001064        0x1 CMakeFiles/ultrasonidos.dir/usr/local/src/rpico/pico-sdk/lib/tinyusb/src/device/usbd.c.o
                0x20001068                        . = ALIGN (0x4)
 *fill*         0x20001065        0x3 
 *(.after_data.*)
                0x20001068                        . = ALIGN (0x4)
                0x20001068                        PROVIDE (__mutex_array_start = .)
 *(SORT_BY_NAME(.mutex_array.*))
 *(.mutex_array)
 .mutex_array   0x20001068        0x8 CMakeFiles/ultrasonidos.dir/usr/local/src/rpico/pico-sdk/src/rp2_common/pico_stdio/stdio.c.o
                0x20001070                        PROVIDE (__mutex_array_end = .)
                0x20001070                        . = ALIGN (0x4)
 *(.jcr)
                0x20001070                        . = ALIGN (0x4)

.tm_clone_table
                0x20001070        0x0 load address 0x10005d6c
 .tm_clone_table
                0x20001070        0x0 /usr/lib/gcc/arm-none-eabi/13.2.1/thumb/v6-m/nofp/crtbegin.o
 .tm_clone_table
                0x20001070        0x0 /usr/lib/gcc/arm-none-eabi/13.2.1/thumb/v6-m/nofp/crtend.o

.igot.plt       0x20001070        0x0 load address 0x10005d6c
 .igot.plt      0x20001070        0x0 /usr/lib/gcc/arm-none-eabi/13.2.1/thumb/v6-m/nofp/crtbegin.o

.tdata          0x20001070        0x0 load address 0x10005d6c
                0x20001070                        . = ALIGN (0x4)
 *(.tdata .tdata.* .gnu.linkonce.td.*)
                0x20001070                        __tdata_end = .
                0x20001070                        PROVIDE (__data_end__ = .)
                0x10004dbc                        __etext = LOADADDR (.data)

.tbss           0x20001070        0x0 load address 0x10005d6c
                0x20001070                        . = ALIGN (0x4)
                0x20001070                        __bss_start__ = .
                0x20001070                        __tls_base = .
 *(.tbss .tbss.* .gnu.linkonce.tb.*)
 *(.tcommon)
                0x20001070                        __tls_end = .

.bss            0x20001070     0x1094 load address 0x10005d6c
                0x20001070                        . = ALIGN (0x4)
                0x20001070                        __tbss_end = .
 *(SORT_BY_ALIGNMENT(SORT_BY_NAME(.bss*)))
 .bss.default_alarm_pool_entries
                0x20001070      0x180 CMakeFiles/ultrasonidos.dir/usr/local/src/rpico/pico-sdk/src/common/pico_time/time.c.o
 .bss.last_avail_time.1
                0x200011f0        0x8 CMakeFiles/ultrasonidos.dir/usr/local/src/rpico/pico-sdk/src/rp2_common/pico_stdio_usb/stdio_usb.c.o
 .bss.sd_table  0x200011f8      0x100 CMakeFiles/ultrasonidos.dir/usr/local/src/rpico/pico-sdk/src/rp2_common/pico_double/double_init_rom_rp2040.c.o
                0x200011f8                sd_table
 .bss.sf_table  0x200012f8      0x100 CMakeFiles/ultrasonidos.dir/usr/local/src/rpico/pico-sdk/src/rp2_common/pico_float/float_init_rom_rp2040.c.o
                0x200012f8                sf_table
 .bss           0x200013f8       0x1c /usr/lib/gcc/arm-none-eabi/13.2.1/thumb/v6-m/nofp/crtbegin.o
 .bss           0x20001414      0x190 /usr/lib/gcc/arm-none-eabi/13.2.1/../../../arm-none-eabi/lib/thumb/v6-m/nofp/libg.a(libc_a-__atexit.o)
                0x20001414                __atexit0
 .bss           0x200015a4        0x4 /usr/lib/gcc/arm-none-eabi/13.2.1/../../../arm-none-eabi/lib/thumb/v6-m/nofp/libg.a(libc_a-__call_atexit.o)
                0x200015a4                __atexit
 .bss._app_driver
                0x200015a8        0x4 CMakeFiles/ultrasonidos.dir/usr/local/src/rpico/pico-sdk/lib/tinyusb/src/device/usbd.c.o
 .bss._cdcd_epbuf
                0x200015ac       0x80 CMakeFiles/ultrasonidos.dir/usr/local/src/rpico/pico-sdk/lib/tinyusb/src/class/cdc/cdc_device.c.o
 .bss._cdcd_fifo_cfg
                0x2000162c        0x1 CMakeFiles/ultrasonidos.dir/usr/local/src/rpico/pico-sdk/lib/tinyusb/src/class/cdc/cdc_device.c.o
 *fill*         0x2000162d        0x3 
 .bss._cdcd_itf
                0x20001630       0xc8 CMakeFiles/ultrasonidos.dir/usr/local/src/rpico/pico-sdk/lib/tinyusb/src/class/cdc/cdc_device.c.o
 .bss._ctrl_epbuf
                0x200016f8       0x40 CMakeFiles/ultrasonidos.dir/usr/local/src/rpico/pico-sdk/lib/tinyusb/src/device/usbd_control.c.o
 .bss._ctrl_xfer
                0x20001738       0x14 CMakeFiles/ultrasonidos.dir/usr/local/src/rpico/pico-sdk/lib/tinyusb/src/device/usbd_control.c.o
 .bss._tusb_rhport_role
                0x2000174c        0x2 CMakeFiles/ultrasonidos.dir/usr/local/src/rpico/pico-sdk/lib/tinyusb/src/tusb.c.o
                0x2000174c                _tusb_rhport_role
 *fill*         0x2000174e        0x2 
 .bss._ubsd_mutexdef
                0x20001750        0x8 CMakeFiles/ultrasonidos.dir/usr/local/src/rpico/pico-sdk/lib/tinyusb/src/device/usbd.c.o
 .bss._usbd_dev
                0x20001758       0x54 CMakeFiles/ultrasonidos.dir/usr/local/src/rpico/pico-sdk/lib/tinyusb/src/device/usbd.c.o
 .bss._usbd_mutex
                0x200017ac        0x4 CMakeFiles/ultrasonidos.dir/usr/local/src/rpico/pico-sdk/lib/tinyusb/src/device/usbd.c.o
 .bss._usbd_q   0x200017b0        0x4 CMakeFiles/ultrasonidos.dir/usr/local/src/rpico/pico-sdk/lib/tinyusb/src/device/usbd.c.o
 .bss._usbd_qdef_buf
                0x200017b4       0xc0 CMakeFiles/ultrasonidos.dir/usr/local/src/rpico/pico-sdk/lib/tinyusb/src/device/usbd.c.o
                0x200017b4                _usbd_qdef_buf
 .bss._vendord_epbuf
                0x20001874       0x80 CMakeFiles/ultrasonidos.dir/usr/local/src/rpico/pico-sdk/lib/tinyusb/src/class/vendor/vendor_device.c.o
 .bss._vendord_itf
                0x200018f4      0x24c CMakeFiles/ultrasonidos.dir/usr/local/src/rpico/pico-sdk/lib/tinyusb/src/class/vendor/vendor_device.c.o
 .bss.boot2_copyout
                0x20001b40      0x100 CMakeFiles/ultrasonidos.dir/usr/local/src/rpico/pico-sdk/src/rp2_common/hardware_flash/flash.c.o
 .bss.chars_available_callback
                0x20001c40        0x4 CMakeFiles/ultrasonidos.dir/usr/local/src/rpico/pico-sdk/src/rp2_common/pico_stdio_usb/stdio_usb.c.o
 .bss.chars_available_param
                0x20001c44        0x4 CMakeFiles/ultrasonidos.dir/usr/local/src/rpico/pico-sdk/src/rp2_common/pico_stdio_usb/stdio_usb.c.o
 .bss.claimed   0x20001c48        0x4 CMakeFiles/ultrasonidos.dir/usr/local/src/rpico/pico-sdk/src/rp2_common/hardware_sync/sync.c.o
 .bss.claimed   0x20001c4c        0x1 CMakeFiles/ultrasonidos.dir/usr/local/src/rpico/pico-sdk/src/rp2_common/hardware_timer/timer.c.o
 *fill*         0x20001c4d        0x3 
 .bss.configured_freq
                0x20001c50       0x28 CMakeFiles/ultrasonidos.dir/usr/local/src/rpico/pico-sdk/src/rp2_common/hardware_clocks/clocks.c.o
 .bss.desc_str.0
                0x20001c78       0x28 CMakeFiles/ultrasonidos.dir/usr/local/src/rpico/pico-sdk/src/rp2_common/pico_stdio_usb/stdio_usb_descriptors.c.o
 .bss.drivers   0x20001ca0        0x4 CMakeFiles/ultrasonidos.dir/usr/local/src/rpico/pico-sdk/src/rp2_common/pico_stdio/stdio.c.o
 .bss.e15_last_sof
                0x20001ca4        0x4 CMakeFiles/ultrasonidos.dir/usr/local/src/rpico/pico-sdk/lib/tinyusb/src/portable/raspberrypi/rp2040/rp2040_usb.c.o
                0x20001ca4                e15_last_sof
 .bss.filter    0x20001ca8        0x4 CMakeFiles/ultrasonidos.dir/usr/local/src/rpico/pico-sdk/src/rp2_common/pico_stdio/stdio.c.o
 .bss.hw_endpoints
                0x20001cac      0x400 CMakeFiles/ultrasonidos.dir/usr/local/src/rpico/pico-sdk/lib/tinyusb/src/portable/raspberrypi/rp2040/dcd_rp2040.c.o
 .bss.lazy_vsnprintf
                0x200020ac        0x4 CMakeFiles/ultrasonidos.dir/usr/local/src/rpico/pico-sdk/src/rp2_common/pico_printf/printf.c.o
 .bss.load_value
                0x200020b0        0x4 CMakeFiles/ultrasonidos.dir/usr/local/src/rpico/pico-sdk/src/rp2_common/hardware_watchdog/watchdog.c.o
 .bss.next_buffer_ptr
                0x200020b4        0x4 CMakeFiles/ultrasonidos.dir/usr/local/src/rpico/pico-sdk/lib/tinyusb/src/portable/raspberrypi/rp2040/dcd_rp2040.c.o
 .bss.one_shot_timer_crit_sec
                0x200020b8        0x8 CMakeFiles/ultrasonidos.dir/usr/local/src/rpico/pico-sdk/src/rp2_common/pico_stdio_usb/stdio_usb.c.o
 .bss.pools     0x200020c0       0x10 CMakeFiles/ultrasonidos.dir/usr/local/src/rpico/pico-sdk/src/common/pico_time/time.c.o
 .bss.retrieved_id
                0x200020d0        0x8 CMakeFiles/ultrasonidos.dir/usr/local/src/rpico/pico-sdk/src/rp2_common/pico_unique_id/unique_id.c.o
 .bss.sf_clz_func
                0x200020d8        0x4 CMakeFiles/ultrasonidos.dir/usr/local/src/rpico/pico-sdk/src/rp2_common/pico_double/double_init_rom_rp2040.c.o
                0x200020d8                sf_clz_func
 .bss.sleep_notifier
                0x200020dc        0x4 CMakeFiles/ultrasonidos.dir/usr/local/src/rpico/pico-sdk/src/common/pico_time/time.c.o
 .bss.stdio_usb_mutex
                0x200020e0        0x8 CMakeFiles/ultrasonidos.dir/usr/local/src/rpico/pico-sdk/src/rp2_common/pico_stdio_usb/stdio_usb.c.o
 .bss.usbd_serial_str
                0x200020e8       0x11 CMakeFiles/ultrasonidos.dir/usr/local/src/rpico/pico-sdk/src/rp2_common/pico_stdio_usb/stdio_usb_descriptors.c.o
 .bss._app_driver_count
                0x200020f9        0x1 CMakeFiles/ultrasonidos.dir/usr/local/src/rpico/pico-sdk/lib/tinyusb/src/device/usbd.c.o
 .bss._sof_enable
                0x200020fa        0x1 CMakeFiles/ultrasonidos.dir/usr/local/src/rpico/pico-sdk/lib/tinyusb/src/portable/raspberrypi/rp2040/dcd_rp2040.c.o
 .bss._usbd_queued_setup
                0x200020fb        0x1 CMakeFiles/ultrasonidos.dir/usr/local/src/rpico/pico-sdk/lib/tinyusb/src/device/usbd.c.o
 .bss.boot2_copyout_valid
                0x200020fc        0x1 CMakeFiles/ultrasonidos.dir/usr/local/src/rpico/pico-sdk/src/rp2_common/hardware_flash/flash.c.o
 .bss.irq_handler_chain_free_slot_head
                0x200020fd        0x1 CMakeFiles/ultrasonidos.dir/usr/local/src/rpico/pico-sdk/src/rp2_common/hardware_irq/irq.c.o
 .bss.itf_num   0x200020fe        0x1 CMakeFiles/ultrasonidos.dir/usr/local/src/rpico/pico-sdk/src/rp2_common/pico_stdio_usb/reset_interface.c.o
 .bss.low_priority_irq_num
                0x200020ff        0x1 CMakeFiles/ultrasonidos.dir/usr/local/src/rpico/pico-sdk/src/rp2_common/pico_stdio_usb/stdio_usb.c.o
 .bss.one_shot_timer_pending
                0x20002100        0x1 CMakeFiles/ultrasonidos.dir/usr/local/src/rpico/pico-sdk/src/rp2_common/pico_stdio_usb/stdio_usb.c.o
 .bss.user_irq_claimed
                0x20002101        0x1 CMakeFiles/ultrasonidos.dir/usr/local/src/rpico/pico-sdk/src/rp2_common/hardware_irq/irq.c.o
 *(COMMON)
                0x20002104                        . = ALIGN (0x4)
 *fill*         0x20002102        0x2 
                0x20002104                        __bss_end__ = .

.heap           0x20002104      0x800 load address 0x10005d6c
                0x20002104                        __end__ = .
                0x20002104                        end = __end__
 *(.heap*)
 .heap          0x20002104      0x800 CMakeFiles/ultrasonidos.dir/usr/local/src/rpico/pico-sdk/src/rp2_common/pico_crt0/crt0.S.o
                0x20040000                        __HeapLimit = (ORIGIN (RAM) + LENGTH (RAM))

.scratch_x      0x20040000        0x0 load address 0x10005d6c
                0x20040000                        __scratch_x_start__ = .
 *(.scratch_x.*)
                0x20040000                        . = ALIGN (0x4)
                0x20040000                        __scratch_x_end__ = .
                0x10005d6c                        __scratch_x_source__ = LOADADDR (.scratch_x)

.scratch_y      0x20041000        0x0 load address 0x10005d6c
                0x20041000                        __scratch_y_start__ = .
 *(.scratch_y.*)
                0x20041000                        . = ALIGN (0x4)
                0x20041000                        __scratch_y_end__ = .
                0x10005d6c                        __scratch_y_source__ = LOADADDR (.scratch_y)

.stack1_dummy
 *(.stack1*)

.stack_dummy    0x20041000      0x800
 *(.stack*)
 .stack         0x20041000      0x800 CMakeFiles/ultrasonidos.dir/usr/local/src/rpico/pico-sdk/src/rp2_common/pico_crt0/crt0.S.o

.rel.dyn        0x20041800        0x0
 .rel.iplt      0x20041800        0x0 /usr/lib/gcc/arm-none-eabi/13.2.1/thumb/v6-m/nofp/crtbegin.o

.flash_end      0x10005d6c        0x0
 *(.embedded_end_block*)
                0x10005d6c                        PROVIDE (__flash_binary_end = .)
                0x20040000                        __StackLimit = (ORIGIN (RAM) + LENGTH (RAM))
                0x20041000                        __StackOneTop = (ORIGIN (SCRATCH_X) + LENGTH (SCRATCH_X))
                0x20042000                        __StackTop = (ORIGIN (SCRATCH_Y) + LENGTH (SCRATCH_Y))
                0x20041000                        __StackOneBottom = (__StackOneTop - SIZEOF (.stack1_dummy))
                0x20041800                        __StackBottom = (__StackTop - SIZEOF (.stack_dummy))
                0x20042000                        PROVIDE (__stack = __StackTop)
                [!provide]                        PROVIDE (__heap_start = __end__)
                [!provide]                        PROVIDE (__heap_end = __HeapLimit)
                [!provide]                        PROVIDE (__tls_align = MAX (ALIGNOF (.tdata), ALIGNOF (.tbss)))
                [!provide]                        PROVIDE (__tls_size_align = (((__tls_size + __tls_align) - 0x1) & ~ ((__tls_align - 0x1))))
                [!provide]                        PROVIDE (__arm32_tls_tcb_offset = MAX (0x8, __tls_align))
                [!provide]                        PROVIDE (_end = __end__)
                [!provide]                        PROVIDE (__llvm_libc_heap_limit = __HeapLimit)
                0x00000001                        ASSERT ((__StackLimit >= __HeapLimit), region RAM overflowed)
                0x00000001                        ASSERT (((__binary_info_header_end - __logical_binary_start) <= 0x100), Binary info must be in first 256 bytes of the binary)
LOAD CMakeFiles/ultrasonidos.dir/proximidad.c.o
LOAD CMakeFiles/ultrasonidos.dir/usr/local/src/rpico/pico-sdk/src/rp2_common/pico_stdlib/stdlib.c.o
LOAD CMakeFiles/ultrasonidos.dir/usr/local/src/rpico/pico-sdk/src/rp2_common/hardware_gpio/gpio.c.o
LOAD CMakeFiles/ultrasonidos.dir/usr/local/src/rpico/pico-sdk/src/rp2040/pico_platform/platform.c.o
LOAD CMakeFiles/ultrasonidos.dir/usr/local/src/rpico/pico-sdk/src/rp2_common/pico_platform_common/common.c.o
LOAD CMakeFiles/ultrasonidos.dir/usr/local/src/rpico/pico-sdk/src/rp2_common/pico_platform_panic/panic.c.o
LOAD CMakeFiles/ultrasonidos.dir/usr/local/src/rpico/pico-sdk/src/common/hardware_claim/claim.c.o
LOAD CMakeFiles/ultrasonidos.dir/usr/local/src/rpico/pico-sdk/src/rp2_common/hardware_sync/sync.c.o
LOAD CMakeFiles/ultrasonidos.dir/usr/local/src/rpico/pico-sdk/src/rp2_common/hardware_sync_spin_lock/sync_spin_lock.c.o
LOAD CMakeFiles/ultrasonidos.dir/usr/local/src/rpico/pico-sdk/src/rp2_common/hardware_irq/irq.c.o
LOAD CMakeFiles/ultrasonidos.dir/usr/local/src/rpico/pico-sdk/src/rp2_common/hardware_irq/irq_handler_chain.S.o
LOAD CMakeFiles/ultrasonidos.dir/usr/local/src/rpico/pico-sdk/src/common/pico_sync/sem.c.o
LOAD CMakeFiles/ultrasonidos.dir/usr/local/src/rpico/pico-sdk/src/common/pico_sync/lock_core.c.o
LOAD CMakeFiles/ultrasonidos.dir/usr/local/src/rpico/pico-sdk/src/common/pico_sync/mutex.c.o
LOAD CMakeFiles/ultrasonidos.dir/usr/local/src/rpico/pico-sdk/src/common/pico_sync/critical_section.c.o
LOAD CMakeFiles/ultrasonidos.dir/usr/local/src/rpico/pico-sdk/src/common/pico_time/time.c.o
LOAD CMakeFiles/ultrasonidos.dir/usr/local/src/rpico/pico-sdk/src/common/pico_time/timeout_helper.c.o
LOAD CMakeFiles/ultrasonidos.dir/usr/local/src/rpico/pico-sdk/src/rp2_common/hardware_timer/timer.c.o
LOAD CMakeFiles/ultrasonidos.dir/usr/local/src/rpico/pico-sdk/src/common/pico_util/datetime.c.o
LOAD CMakeFiles/ultrasonidos.dir/usr/local/src/rpico/pico-sdk/src/common/pico_util/pheap.c.o
LOAD CMakeFiles/ultrasonidos.dir/usr/local/src/rpico/pico-sdk/src/common/pico_util/queue.c.o
LOAD CMakeFiles/ultrasonidos.dir/usr/local/src/rpico/pico-sdk/src/rp2_common/hardware_uart/uart.c.o
LOAD CMakeFiles/ultrasonidos.dir/usr/local/src/rpico/pico-sdk/src/rp2_common/hardware_clocks/clocks.c.o
LOAD CMakeFiles/ultrasonidos.dir/usr/local/src/rpico/pico-sdk/src/rp2_common/hardware_pll/pll.c.o
LOAD CMakeFiles/ultrasonidos.dir/usr/local/src/rpico/pico-sdk/src/rp2_common/hardware_vreg/vreg.c.o
LOAD CMakeFiles/ultrasonidos.dir/usr/local/src/rpico/pico-sdk/src/rp2_common/hardware_watchdog/watchdog.c.o
LOAD CMakeFiles/ultrasonidos.dir/usr/local/src/rpico/pico-sdk/src/rp2_common/hardware_ticks/ticks.c.o
LOAD CMakeFiles/ultrasonidos.dir/usr/local/src/rpico/pico-sdk/src/rp2_common/pico_bootrom/bootrom.c.o
LOAD CMakeFiles/ultrasonidos.dir/usr/local/src/rpico/pico-sdk/src/rp2_common/pico_bootrom/bootrom_lock.c.o
LOAD CMakeFiles/ultrasonidos.dir/usr/local/src/rpico/pico-sdk/src/rp2_common/hardware_boot_lock/boot_lock.c.o
LOAD CMakeFiles/ultrasonidos.dir/usr/local/src/rpico/pico-sdk/src/rp2_common/pico_flash/flash.c.o
LOAD CMakeFiles/ultrasonidos.dir/usr/local/src/rpico/pico-sdk/src/rp2_common/hardware_xosc/xosc.c.o
LOAD CMakeFiles/ultrasonidos.dir/usr/local/src/rpico/pico-sdk/src/rp2_common/hardware_divider/divider.S.o
LOAD CMakeFiles/ultrasonidos.dir/usr/local/src/rpico/pico-sdk/src/rp2_common/pico_runtime/runtime.c.o
LOAD CMakeFiles/ultrasonidos.dir/usr/local/src/rpico/pico-sdk/src/rp2_common/pico_runtime_init/runtime_init.c.o
LOAD CMakeFiles/ultrasonidos.dir/usr/local/src/rpico/pico-sdk/src/rp2_common/pico_runtime_init/runtime_init_clocks.c.o
LOAD CMakeFiles/ultrasonidos.dir/usr/local/src/rpico/pico-sdk/src/rp2_common/pico_runtime_init/runtime_init_stack_guard.c.o
LOAD CMakeFiles/ultrasonidos.dir/usr/local/src/rpico/pico-sdk/src/rp2_common/pico_bit_ops/bit_ops_aeabi.S.o
LOAD CMakeFiles/ultrasonidos.dir/usr/local/src/rpico/pico-sdk/src/rp2_common/pico_divider/divider_hardware.S.o
LOAD CMakeFiles/ultrasonidos.dir/usr/local/src/rpico/pico-sdk/src/rp2_common/pico_double/double_aeabi_rp2040.S.o
LOAD CMakeFiles/ultrasonidos.dir/usr/local/src/rpico/pico-sdk/src/rp2_common/pico_double/double_init_rom_rp2040.c.o
LOAD CMakeFiles/ultrasonidos.dir/usr/local/src/rpico/pico-sdk/src/rp2_common/pico_double/double_math.c.o
LOAD CMakeFiles/ultrasonidos.dir/usr/local/src/rpico/pico-sdk/src/rp2_common/pico_double/double_v1_rom_shim_rp2040.S.o
LOAD CMakeFiles/ultrasonidos.dir/usr/local/src/rpico/pico-sdk/src/rp2_common/pico_int64_ops/pico_int64_ops_aeabi.S.o
LOAD CMakeFiles/ultrasonidos.dir/usr/local/src/rpico/pico-sdk/src/rp2_common/pico_float/float_aeabi_rp2040.S.o
LOAD CMakeFiles/ultrasonidos.dir/usr/local/src/rpico/pico-sdk/src/rp2_common/pico_float/float_init_rom_rp2040.c.o
LOAD CMakeFiles/ultrasonidos.dir/usr/local/src/rpico/pico-sdk/src/rp2_common/pico_float/float_math.c.o
LOAD CMakeFiles/ultrasonidos.dir/usr/local/src/rpico/pico-sdk/src/rp2_common/pico_float/float_v1_rom_shim_rp2040.S.o
LOAD CMakeFiles/ultrasonidos.dir/usr/local/src/rpico/pico-sdk/src/rp2_common/pico_malloc/malloc.c.o
LOAD CMakeFiles/ultrasonidos.dir/usr/local/src/rpico/pico-sdk/src/rp2_common/pico_mem_ops/mem_ops_aeabi.S.o
LOAD CMakeFiles/ultrasonidos.dir/usr/local/src/rpico/pico-sdk/src/rp2_common/pico_atomic/atomic.c.o
LOAD CMakeFiles/ultrasonidos.dir/usr/local/src/rpico/pico-sdk/src/rp2_common/pico_cxx_options/new_delete.cpp.o
LOAD CMakeFiles/ultrasonidos.dir/usr/local/src/rpico/pico-sdk/src/rp2_common/pico_standard_binary_info/standard_binary_info.c.o
LOAD CMakeFiles/ultrasonidos.dir/usr/local/src/rpico/pico-sdk/src/rp2_common/pico_printf/printf.c.o
LOAD CMakeFiles/ultrasonidos.dir/usr/local/src/rpico/pico-sdk/src/rp2_common/pico_crt0/crt0.S.o
LOAD CMakeFiles/ultrasonidos.dir/usr/local/src/rpico/pico-sdk/src/rp2_common/pico_clib_interface/newlib_interface.c.o
LOAD CMakeFiles/ultrasonidos.dir/usr/local/src/rpico/pico-sdk/src/rp2_common/pico_stdio/stdio.c.o
LOAD CMakeFiles/ultrasonidos.dir/usr/local/src/rpico/pico-sdk/src/rp2_common/pico_stdio_usb/reset_interface.c.o
LOAD CMakeFiles/ultrasonidos.dir/usr/local/src/rpico/pico-sdk/src/rp2_common/pico_stdio_usb/stdio_usb.c.o
LOAD CMakeFiles/ultrasonidos.dir/usr/local/src/rpico/pico-sdk/src/rp2_common/pico_stdio_usb/stdio_usb_descriptors.c.o
LOAD CMakeFiles/ultrasonidos.dir/usr/local/src/rpico/pico-sdk/src/rp2_common/pico_unique_id/unique_id.c.o
LOAD CMakeFiles/ultrasonidos.dir/usr/local/src/rpico/pico-sdk/src/rp2_common/hardware_flash/flash.c.o
LOAD CMakeFiles/ultrasonidos.dir/usr/local/src/rpico/pico-sdk/src/rp2_common/hardware_xip_cache/xip_cache.c.o
LOAD CMakeFiles/ultrasonidos.dir/usr/local/src/rpico/pico-sdk/lib/tinyusb/src/portable/raspberrypi/rp2040/dcd_rp2040.c.o
LOAD CMakeFiles/ultrasonidos.dir/usr/local/src/rpico/pico-sdk/lib/tinyusb/src/portable/raspberrypi/rp2040/rp2040_usb.c.o
LOAD CMakeFiles/ultrasonidos.dir/usr/local/src/rpico/pico-sdk/lib/tinyusb/src/device/usbd.c.o
LOAD CMakeFiles/ultrasonidos.dir/usr/local/src/rpico/pico-sdk/lib/tinyusb/src/device/usbd_control.c.o
LOAD CMakeFiles/ultrasonidos.dir/usr/local/src/rpico/pico-sdk/lib/tinyusb/src/class/audio/audio_device.c.o
LOAD CMakeFiles/ultrasonidos.dir/usr/local/src/rpico/pico-sdk/lib/tinyusb/src/class/cdc/cdc_device.c.o
LOAD CMakeFiles/ultrasonidos.dir/usr/local/src/rpico/pico-sdk/lib/tinyusb/src/class/dfu/dfu_device.c.o
LOAD CMakeFiles/ultrasonidos.dir/usr/local/src/rpico/pico-sdk/lib/tinyusb/src/class/dfu/dfu_rt_device.c.o
LOAD CMakeFiles/ultrasonidos.dir/usr/local/src/rpico/pico-sdk/lib/tinyusb/src/class/hid/hid_device.c.o
LOAD CMakeFiles/ultrasonidos.dir/usr/local/src/rpico/pico-sdk/lib/tinyusb/src/class/midi/midi_device.c.o
LOAD CMakeFiles/ultrasonidos.dir/usr/local/src/rpico/pico-sdk/lib/tinyusb/src/class/msc/msc_device.c.o
LOAD CMakeFiles/ultrasonidos.dir/usr/local/src/rpico/pico-sdk/lib/tinyusb/src/class/net/ecm_rndis_device.c.o
LOAD CMakeFiles/ultrasonidos.dir/usr/local/src/rpico/pico-sdk/lib/tinyusb/src/class/net/ncm_device.c.o
LOAD CMakeFiles/ultrasonidos.dir/usr/local/src/rpico/pico-sdk/lib/tinyusb/src/class/usbtmc/usbtmc_device.c.o
LOAD CMakeFiles/ultrasonidos.dir/usr/local/src/rpico/pico-sdk/lib/tinyusb/src/class/vendor/vendor_device.c.o
LOAD CMakeFiles/ultrasonidos.dir/usr/local/src/rpico/pico-sdk/lib/tinyusb/src/class/video/video_device.c.o
LOAD CMakeFiles/ultrasonidos.dir/usr/local/src/rpico/pico-sdk/lib/tinyusb/src/tusb.c.o
LOAD CMakeFiles/ultrasonidos.dir/usr/local/src/rpico/pico-sdk/lib/tinyusb/src/common/tusb_fifo.c.o
LOAD CMakeFiles/ultrasonidos.dir/usr/local/src/rpico/pico-sdk/src/rp2_common/pico_fix/rp2040_usb_device_enumeration/rp2040_usb_device_enumeration.c.o
LOAD pico-sdk/src/rp2040/boot_stage2/CMakeFiles/bs2_default_library.dir/bs2_default_padded_checksummed.S.o
LOAD /usr/lib/gcc/arm-none-eabi/13.2.1/../../../arm-none-eabi/lib/thumb/v6-m/nofp/libstdc++.a
LOAD /usr/lib/gcc/arm-none-eabi/13.2.1/../../../arm-none-eabi/lib/thumb/v6-m/nofp/libm.a
START GROUP
LOAD /usr/lib/gcc/arm-none-eabi/13.2.1/thumb/v6-m/nofp/libgcc.a
LOAD /usr/lib/gcc/arm-none-eabi/13.2.1/../../../arm-none-eabi/lib/thumb/v6-m/nofp/libg.a
LOAD /usr/lib/gcc/arm-none-eabi/13.2.1/../../../arm-none-eabi/lib/thumb/v6-m/nofp/libc.a
END GROUP
START GROUP
LOAD /usr/lib/gcc/arm-none-eabi/13.2.1/thumb/v6-m/nofp/libgcc.a
LOAD /usr/lib/gcc/arm-none-eabi/13.2.1/../../../arm-none-eabi/lib/thumb/v6-m/nofp/libc.a
LOAD /usr/lib/gcc/arm-none-eabi/13.2.1/../../../arm-none-eabi/lib/thumb/v6-m/nofp/libnosys.a
END GROUP
LOAD /usr/lib/gcc/arm-none-eabi/13.2.1/thumb/v6-m/nofp/crtend.o
LOAD /usr/lib/gcc/arm-none-eabi/13.2.1/thumb/v6-m/nofp/crtn.o
OUTPUT(ultrasonidos.elf elf32-littlearm)
LOAD linker stubs

.ARM.attributes
                0x00000000       0x28
 .ARM.attributes
                0x00000000       0x1e /usr/lib/gcc/arm-none-eabi/13.2.1/thumb/v6-m/nofp/crti.o
 .ARM.attributes
                0x0000001e       0x2c /usr/lib/gcc/arm-none-eabi/13.2.1/thumb/v6-m/nofp/crtbegin.o
 .ARM.attributes
                0x0000004a       0x2c CMakeFiles/ultrasonidos.dir/proximidad.c.o
 .ARM.attributes
                0x00000076       0x2c CMakeFiles/ultrasonidos.dir/usr/local/src/rpico/pico-sdk/src/rp2_common/hardware_gpio/gpio.c.o
 .ARM.attributes
                0x000000a2       0x2c CMakeFiles/ultrasonidos.dir/usr/local/src/rpico/pico-sdk/src/rp2040/pico_platform/platform.c.o
 .ARM.attributes
                0x000000ce       0x2c CMakeFiles/ultrasonidos.dir/usr/local/src/rpico/pico-sdk/src/rp2_common/pico_platform_panic/panic.c.o
 .ARM.attributes
                0x000000fa       0x2c CMakeFiles/ultrasonidos.dir/usr/local/src/rpico/pico-sdk/src/common/hardware_claim/claim.c.o
 .ARM.attributes
                0x00000126       0x2c CMakeFiles/ultrasonidos.dir/usr/local/src/rpico/pico-sdk/src/rp2_common/hardware_sync/sync.c.o
 .ARM.attributes
                0x00000152       0x2c CMakeFiles/ultrasonidos.dir/usr/local/src/rpico/pico-sdk/src/rp2_common/hardware_sync_spin_lock/sync_spin_lock.c.o
 .ARM.attributes
                0x0000017e       0x2c CMakeFiles/ultrasonidos.dir/usr/local/src/rpico/pico-sdk/src/rp2_common/hardware_irq/irq.c.o
 .ARM.attributes
                0x000001aa       0x22 CMakeFiles/ultrasonidos.dir/usr/local/src/rpico/pico-sdk/src/rp2_common/hardware_irq/irq_handler_chain.S.o
 .ARM.attributes
                0x000001cc       0x2c CMakeFiles/ultrasonidos.dir/usr/local/src/rpico/pico-sdk/src/common/pico_sync/lock_core.c.o
 .ARM.attributes
                0x000001f8       0x2c CMakeFiles/ultrasonidos.dir/usr/local/src/rpico/pico-sdk/src/common/pico_sync/mutex.c.o
 .ARM.attributes
                0x00000224       0x2c CMakeFiles/ultrasonidos.dir/usr/local/src/rpico/pico-sdk/src/common/pico_sync/critical_section.c.o
 .ARM.attributes
                0x00000250       0x2c CMakeFiles/ultrasonidos.dir/usr/local/src/rpico/pico-sdk/src/common/pico_time/time.c.o
 .ARM.attributes
                0x0000027c       0x2c CMakeFiles/ultrasonidos.dir/usr/local/src/rpico/pico-sdk/src/rp2_common/hardware_timer/timer.c.o
 .ARM.attributes
                0x000002a8       0x2c CMakeFiles/ultrasonidos.dir/usr/local/src/rpico/pico-sdk/src/rp2_common/hardware_clocks/clocks.c.o
 .ARM.attributes
                0x000002d4       0x2c CMakeFiles/ultrasonidos.dir/usr/local/src/rpico/pico-sdk/src/rp2_common/hardware_pll/pll.c.o
 .ARM.attributes
                0x00000300       0x2c CMakeFiles/ultrasonidos.dir/usr/local/src/rpico/pico-sdk/src/rp2_common/hardware_watchdog/watchdog.c.o
 .ARM.attributes
                0x0000032c       0x2c CMakeFiles/ultrasonidos.dir/usr/local/src/rpico/pico-sdk/src/rp2_common/hardware_ticks/ticks.c.o
 .ARM.attributes
                0x00000358       0x2c CMakeFiles/ultrasonidos.dir/usr/local/src/rpico/pico-sdk/src/rp2_common/pico_bootrom/bootrom.c.o
 .ARM.attributes
                0x00000384       0x2c CMakeFiles/ultrasonidos.dir/usr/local/src/rpico/pico-sdk/src/rp2_common/hardware_xosc/xosc.c.o
 .ARM.attributes
                0x000003b0       0x2c CMakeFiles/ultrasonidos.dir/usr/local/src/rpico/pico-sdk/src/rp2_common/pico_runtime/runtime.c.o
 .ARM.attributes
                0x000003dc       0x2c CMakeFiles/ultrasonidos.dir/usr/local/src/rpico/pico-sdk/src/rp2_common/pico_runtime_init/runtime_init.c.o
 .ARM.attributes
                0x00000408       0x2c CMakeFiles/ultrasonidos.dir/usr/local/src/rpico/pico-sdk/src/rp2_common/pico_runtime_init/runtime_init_clocks.c.o
 .ARM.attributes